 WELCOME TO U OF T MONSTERGAUSS                                                                         UNX VERSION: 13 AUG 1991
 ******************************
0CONTROL CARDS:

 *MOL GEOM=ANG, BASIS=M3*, DMOMENT, FORCE=CARTESIANS                     
 *PRT T=Y                                                                

0SEQUENCE    GROUP     MG OPTIONS         GROUP OPTIONS (USER CONTROLLABLE)                  LINKS TO BE CALLED          JUMP

     1         2      000020110100 000000000000000000000000000000000000000000000000   01000000000000000000000000000000     0
     2         3      000020110100 304000000000100000000000000000000000000000000000   11100101000000000000000000000000     0
     3         4      000020110100 000000000000000010100000000000000000000000000000   01000000000000000000000000000000     0
     4         5      000020110100 410000000000000000000000000000000000000000000000   10000000000000000000000000000000     0
     5         6      000020110100 100000000000000000001000000000000000000000000000   10000000000000000000000000000000     0
     8         7      000020110100 000100000000000000000000000000000000000000000000   01110000001000000000000000000000     0
0OPTION NUMBERS:      000000000111 111111122222222223333333333444444444455555555556   66666666677777777778888888888999
                      123456789012 345678901234567890123456789012345678901234567890   12345678901234567890123456789012

0CONVERSION FACTORS:  1 BOHR =  .52917706 ANGSTROMS
0                     1 HARTREE/BOHR = 8.2388584 MDYNE

                      1 HARTREE/ANGSTROM**2 = 4.3598149 MDYNE/ANGSTROM

                      1 ELECTRON*BOHR = 2.5417655 DEBYE

                      1 HARTREE/PARTICLE = 627.50959 KCAL/MOL = 2625.5001 KJ/MOL = 27.211611 EV/PARTICLE = 219474.67 CM(-1)/PARTICLE

                      1 ATOMIC UNIT OF ELECTRIC FIELD = 5.1422506D+09 VOLTS/CM
1THIOPHENE STO-3G*  (5D)                                                 
 ------------------------------------------------------------------------
0CHARGE  =   0          MULTIPLICITY  =  1

0*** 11:34:37 (ELAPSED CPU TIME       .01 S)   ENTER LINK  202 ***


 ------------------------------------------------------------------------------------------------------------------------------------
                    COORDINATES IN ANGSTROMS                               COORDINATES IN BOHR                    ATOMIC ISOTOPE/MASS
   I   AN        X             Y             Z                        X             Y             Z               MASS#    MASS (AMU)
 ------------------------------------------------------------------------------------------------------------------------------------
   1    6    1.2140000      .0000000     1.2610000                2.2941282      .0000000     2.3829453             12    12.00000000
   2    6     .7050000      .0000000      .0000000                1.3322573      .0000000      .0000000             12    12.00000000
   3    6    -.7050000      .0000000      .0000000               -1.3322573      .0000000      .0000000             12    12.00000000
   4    6   -1.2140000      .0000000     1.2610000               -2.2941282      .0000000     2.3829453             12    12.00000000
   5   16     .0000000      .0000000     2.4370000                 .0000000      .0000000     4.6052639             32    31.97207180
   6    1    2.2120000      .0000000     1.4730000                4.1800754      .0000000     2.7835674              1     1.00782504
   7    1    1.5510000      .0000000     -.5700000                2.9309661      .0000000    -1.0771442              1     1.00782504
   8    1   -1.5510000      .0000000     -.5700000               -2.9309661      .0000000    -1.0771442              1     1.00782504
   9    1   -2.2120000      .0000000     1.4730000               -4.1800754      .0000000     2.7835674              1     1.00782504
 ------------------------------------------------------------------------------------------------------------------------------------
0*** 11:34:37 (ELAPSED CPU TIME       .01 S)   ENTER LINK  301 ***

0BASIS SET TYPE: STANDARD STO-3G*     ( 5D/ 7F)
 POLARIZATION  : D ON NA-AR                                                                           
 DIFFUSE FUNCS : NONE                                                                                 
 CONTAINS  16 SHELLS AND  38 BASIS FUNCTIONS
0*** 11:34:37 (ELAPSED CPU TIME       .01 S)   ENTER LINK  302 ***
0RYSSET ROOT STATISTICS:     INTERPOLATED:     2852     CALCULATED:        0     ASSYMPTOTIC APPROXIMATION:     7282
0*** 11:34:37 (ELAPSED CPU TIME       .11 S)   ENTER LINK  303 ***
0*** 11:34:37 (ELAPSED CPU TIME       .02 S)   ENTER LINK  306 ***
0STANDARD CUTOFFS SELECTED IN SHELL.
0SHELL: FMTGEN WAS CALLED    50878 TIMES
0*** 11:34:40 (ELAPSED CPU TIME      2.41 S)   ENTER LINK  308 ***
0RYSSET ROOT STATISTICS:     INTERPOLATED:    32672     CALCULATED:        0     ASSYMPTOTIC APPROXIMATION:    10636
 PHOENIX SHELL PASSES:     2056, NUMBER PROCESSED:      816, FAST PASSES:     2056


     143433 TWO ELECTRON INTEGRALS WRITTEN OUT ON UNIT  9 WITH INTEGRAL CUTOFF  1.00000D-10
0*** 11:34:42 (ELAPSED CPU TIME      2.50 S)   ENTER LINK  402 ***

0EH INITIAL GUESS ... SCALE FACTOR (K/2) =  .8750
 SMALLEST EIGENVALUE OF OVERLAP IS  1.74940D-01
0*** 11:34:42 (ELAPSED CPU TIME       .06 S)   ENTER LINK  501 ***
1CLOSED SHELL SCF               NUCLEAR REPULSION ENERGY IS    206.492921780  HARTREES
0CONVERGENCE ON DENSITY MATRIX REQUIRED TO EXIT IS  1.0000D-09
0 CYCLE   ELECTRONIC ENERGY      TOTAL ENERGY    CONVERGENCE   EXTRAPOLATION

    1       -749.176531036      -542.683609256
    2       -751.129858213      -544.636936433   6.73416D-02              
    3       -751.401765789      -544.908844009   3.99921D-02              
    4       -751.509782779      -545.016860999   2.32800D-02              
    5       -751.552235165      -545.059313385   1.41625D-02              
    6       -751.566738388      -545.073816608   7.83738D-03              
    7       -751.571552336      -545.078630556   4.66529D-03              
    8       -751.573130975      -545.080209194   2.62497D-03      4-POINT 
    9       -751.574735346      -545.081813566
   10       -751.573925250      -545.081003470   1.21230D-04              
   11       -751.573927495      -545.081005715   4.70407D-05              
   12       -751.573927887      -545.081006107   2.16385D-05              
   13       -751.573927963      -545.081006183   9.37135D-06              
   14       -751.573927980      -545.081006200   5.11022D-06              
   15       -751.573927985      -545.081006205   2.54159D-06              
   16       -751.573927986      -545.081006206   1.56111D-06              
   17       -751.573927986      -545.081006206   8.22837D-07              
   18       -751.573927986      -545.081006206   5.25912D-07              
   19       -751.573927987      -545.081006206   2.80727D-07      4-POINT 
   20       -751.573927987      -545.081006206
   21       -751.573927987      -545.081006206   8.42560D-09              
   22       -751.573927987      -545.081006206   4.22319D-09              
   23       -751.573927987      -545.081006206   1.68354D-09              
   24       -751.573927987      -545.081006206   8.83591D-10              
0AT TERMINATION TOTAL ENERGY IS      -545.081006  HARTREES
0*** 11:34:49 (ELAPSED CPU TIME      7.25 S)   ENTER LINK  601 ***
1MOLECULAR ORBITALS                     22 OCCUPIED MO

                           1          2          3          4          5          6          7          8          9         10
 
    EIGENVALUES---   -90.81469  -11.00885  -11.00872  -11.00664  -11.00653   -8.70103   -6.33381   -6.33256   -6.33056   -1.10100
 
   1  1   C   1S        .00008     .07734     .11994    -.69112    -.69728     .00132    -.00129    -.00099     .00000    -.11289
   2  1   C   2S       -.00070    -.00265    -.00132    -.02739    -.02663    -.01173     .01588     .01262     .00000     .27723
   3  1   C   2PX       .00045     .00136     .00109     .00135     .00057     .00677    -.00648    -.00957     .00000    -.06393
   4  1   C   2PY       .00000     .00000     .00000     .00000     .00000     .00000     .00000     .00000     .00454     .00000
   5  1   C   2PZ      -.00041     .00302     .00307     .00078     .00076    -.00628     .01093     .00367     .00000    -.02944
 
   6  2   C   1S        .00000     .69755     .69097     .11950     .07684     .00010     .00004    -.00011     .00000    -.11345
   7  2   C   2S        .00004     .02115     .02977     .01067     .00745     .00051    -.00053    -.00134     .00000     .27816
   8  2   C   2PX      -.00001     .00356    -.00252     .00079     .00159     .00011     .00096    -.00079     .00000    -.02934
   9  2   C   2PY       .00000     .00000     .00000     .00000     .00000     .00000     .00000     .00000    -.00017     .00000
  10  2   C   2PZ       .00002     .00154     .00152     .00329     .00333     .00008    -.00028    -.00021     .00000     .07179
 
  11  3   C   1S        .00000     .69755    -.69097    -.11950     .07684     .00010    -.00004    -.00011     .00000    -.11345
  12  3   C   2S        .00004     .02115    -.02977    -.01067     .00745     .00051     .00053    -.00134     .00000     .27816
  13  3   C   2PX       .00001    -.00356    -.00252     .00079    -.00159    -.00011     .00096     .00079     .00000     .02934
  14  3   C   2PY       .00000     .00000     .00000     .00000     .00000     .00000     .00000     .00000    -.00017     .00000
  15  3   C   2PZ       .00002     .00154    -.00152    -.00329     .00333     .00008     .00028    -.00021     .00000     .07179
 
  16  4   C   1S        .00008     .07734    -.11994     .69112    -.69728     .00132     .00129    -.00099     .00000    -.11289
  17  4   C   2S       -.00070    -.00265     .00132     .02739    -.02663    -.01173    -.01588     .01262     .00000     .27723
  18  4   C   2PX      -.00045    -.00136     .00109     .00135    -.00057    -.00677    -.00648     .00957     .00000     .06393
  19  4   C   2PY       .00000     .00000     .00000     .00000     .00000     .00000     .00000     .00000     .00454     .00000
  20  4   C   2PZ      -.00041     .00302    -.00307    -.00078     .00076    -.00628    -.01093     .00367     .00000    -.02944
 
  21  5   S   1S       -.99416    -.00002     .00000     .00000     .00012    -.36715     .00000    -.00436     .00000     .03964
  22  5   S   2S       -.01713     .00007     .00000     .00000    -.00012    1.04650     .00000     .01270     .00000    -.13775
  23  5   S   2PX       .00000     .00000     .00010    -.00076     .00000     .00000    -.98234     .00000     .00000     .00000
  24  5   S   2PY       .00000     .00000     .00000     .00000     .00000     .00000     .00000     .00000    -.98576     .00000
  25  5   S   2PZ       .00022    -.00012     .00000     .00000     .00063    -.00749     .00000     .98325     .00000     .04389
  26  5   S   3S        .00281    -.00070     .00000     .00000     .00770     .05791     .00000    -.01428     .00000     .34610
  27  5   S   3PX       .00000     .00000    -.00075     .00597     .00000     .00000    -.06654     .00000     .00000     .00000
  28  5   S   3PY       .00000     .00000     .00000     .00000     .00000     .00000     .00000     .00000    -.05102     .00000
  29  5   S   3PZ      -.00064     .00064     .00000     .00000    -.00512    -.01145     .00000     .06234     .00000    -.09502
  30  5   S   3D 0      .00016    -.00044     .00000     .00000     .00040     .00270     .00000    -.00471     .00000     .01065
  31  5   S   3D 1+     .00000     .00000     .00021    -.00341     .00000     .00000     .01390     .00000     .00000     .00000
  32  5   S   3D 1-     .00000     .00000     .00000     .00000     .00000     .00000     .00000     .00000     .00178     .00000
  33  5   S   3D 2+     .00032    -.00006     .00000     .00000     .00130     .00532     .00000    -.00462     .00000     .01906
  34  5   S   3D 2-     .00000     .00000     .00000     .00000     .00000     .00000     .00000     .00000     .00000     .00000
 
  35  6   H   1S       -.00001    -.00045    -.00060     .00520     .00534    -.00009    -.00076     .00060     .00000     .05661
 
  36  7   H   1S       -.00002    -.00517    -.00503    -.00077    -.00033    -.00033     .00011     .00057     .00000     .05569
 
  37  8   H   1S       -.00002    -.00517     .00503     .00077    -.00033    -.00033    -.00011     .00057     .00000     .05569
 
  38  9   H   1S       -.00001    -.00045     .00060    -.00520     .00534    -.00009     .00076     .00060     .00000     .05661
 

                          11         12         13         14         15         16         17         18         19         20
 
    EIGENVALUES---     -.93570    -.90495    -.71706    -.70472    -.62092    -.51641    -.50434    -.46031    -.43315    -.37665
 
   1  1   C   1S        .14080     .02726     .08721    -.07552     .05255    -.00064    -.04090     .00000    -.02437    -.02020
   2  1   C   2S       -.37842    -.07791    -.26329     .24182    -.17078     .00962     .14931     .00000     .07454     .09557
   3  1   C   2PX      -.01374     .02793    -.24090     .08108     .09501     .21108    -.38806     .00000     .10492    -.13399
   4  1   C   2PY       .00000     .00000     .00000     .00000     .00000     .00000     .00000    -.35184     .00000     .00000
   5  1   C   2PZ       .06457    -.15637     .01771     .20386     .10048     .18480    -.06779     .00000    -.34204     .26957
 
   6  2   C   1S        .09819    -.12259    -.04115     .09375    -.03258    -.02509    -.02171     .00000     .00895     .01864
   7  2   C   2S       -.26118     .33472     .11962    -.27155     .11891     .09372     .07843     .00000    -.03558    -.06217
   8  2   C   2PX      -.12487    -.04510    -.22786    -.15439     .12767    -.41885    -.04253     .00000    -.05334     .02601
   9  2   C   2PY       .00000     .00000     .00000     .00000     .00000     .00000     .00000    -.34947     .00000     .00000
  10  2   C   2PZ      -.07752    -.02070    -.02918     .06423    -.30959    -.13074     .22228     .00000     .30312    -.22140
 
  11  3   C   1S       -.09819    -.12259    -.04115    -.09375    -.03258    -.02509     .02171     .00000    -.00895     .01864
  12  3   C   2S        .26118     .33472     .11962     .27155     .11891     .09372    -.07843     .00000     .03558    -.06217
  13  3   C   2PX      -.12487     .04510     .22786    -.15439    -.12767     .41885    -.04253     .00000    -.05334    -.02601
  14  3   C   2PY       .00000     .00000     .00000     .00000     .00000     .00000     .00000    -.34947     .00000     .00000
  15  3   C   2PZ       .07752    -.02070    -.02918    -.06423    -.30959    -.13074    -.22228     .00000    -.30312    -.22140
 
  16  4   C   1S       -.14080     .02726     .08721     .07552     .05255    -.00064     .04090     .00000     .02437    -.02020
  17  4   C   2S        .37842    -.07791    -.26329    -.24182    -.17078     .00962    -.14931     .00000    -.07454     .09557
  18  4   C   2PX      -.01374    -.02793     .24090     .08108    -.09501    -.21108    -.38806     .00000     .10492     .13399
  19  4   C   2PY       .00000     .00000     .00000     .00000     .00000     .00000     .00000    -.35184     .00000     .00000
  20  4   C   2PZ      -.06457    -.15637     .01771    -.20386     .10048     .18480     .06779     .00000     .34204     .26957
 
  21  5   S   1S        .00000    -.06368     .02708     .00000     .03930    -.00558     .00000     .00000     .00000    -.02757
  22  5   S   2S        .00000     .21764    -.09140     .00000    -.12895     .01863     .00000     .00000     .00000     .08452
  23  5   S   2PX       .04828     .00000     .00000    -.08872     .00000     .00000    -.09507     .00000     .15228     .00000
  24  5   S   2PY       .00000     .00000     .00000     .00000     .00000     .00000     .00000     .14617     .00000     .00000
  25  5   S   2PZ       .00000    -.02509     .00579     .00000    -.07277    -.02727     .00000     .00000     .00000     .22943
  26  5   S   3S        .00000    -.62304     .28543     .00000     .46601    -.06223     .00000     .00000     .00000    -.40672
  27  5   S   3PX      -.11936     .00000     .00000     .23429     .00000     .00000     .27091     .00000    -.44778     .00000
  28  5   S   3PY       .00000     .00000     .00000     .00000     .00000     .00000     .00000    -.45715     .00000     .00000
  29  5   S   3PZ       .00000     .05693    -.00761     .00000     .20668     .07753     .00000     .00000     .00000    -.70705
  30  5   S   3D 0      .00000    -.00842     .01054     .00000    -.02062    -.01830     .00000     .00000     .00000     .00199
  31  5   S   3D 1+     .03736     .00000     .00000    -.04541     .00000     .00000    -.06035     .00000     .05202     .00000
  32  5   S   3D 1-     .00000     .00000     .00000     .00000     .00000     .00000     .00000     .05456     .00000     .00000
  33  5   S   3D 2+     .00000    -.01801    -.00609     .00000     .00149     .00956     .00000     .00000     .00000     .04042
  34  5   S   3D 2-     .00000     .00000     .00000     .00000     .00000     .00000     .00000     .00000     .00000     .00000
 
  35  6   H   1S       -.13099    -.02972    -.27048     .18746    -.00242     .23854    -.30184     .00000     .09448    -.01940
 
  36  7   H   1S       -.10438     .11228    -.04834    -.22293     .27349    -.15294    -.14847     .00000    -.27085     .13445
 
  37  8   H   1S        .10438     .11228    -.04834     .22293     .27349    -.15294     .14847     .00000     .27085     .13445
 
  38  9   H   1S        .13099    -.02972    -.27048    -.18746    -.00242     .23854     .30184     .00000    -.09448    -.01940
 

                          21         22         23         24         25         26         27         28         29         30
 
    EIGENVALUES---     -.25730    -.25348     .26576     .38439     .41407     .51257     .61971     .65649     .69103     .79643
 
   1  1   C   1S        .00000     .00000     .00000     .00000    -.06767    -.07934     .06311     .03099    -.07702     .09332
   2  1   C   2S        .00000     .00000     .00000     .00000     .30430     .41596    -.44022    -.17116     .46753    -.65751
   3  1   C   2PX       .00000     .00000     .00000     .00000    -.22253    -.10424    -.29998    -.08197    -.20131    -.61644
   4  1   C   2PY      -.00868    -.55751    -.59971    -.38686     .00000     .00000     .00000     .00000     .00000     .00000
   5  1   C   2PZ       .00000     .00000     .00000     .00000     .25793     .42545     .16611     .06269    -.23812    -.04297
 
   6  2   C   1S        .00000     .00000     .00000     .00000     .00000    -.01097     .04042    -.17651     .02685     .00198
   7  2   C   2S        .00000     .00000     .00000     .00000     .01340     .07451    -.27337    1.11010    -.12999    -.04303
   8  2   C   2PX       .00000     .00000     .00000     .00000    -.12442     .05288    -.21001    -.33527     .06894    -.20458
   9  2   C   2PY       .42456    -.35041     .36428     .71759     .00000     .00000     .00000     .00000     .00000     .00000
  10  2   C   2PZ       .00000     .00000     .00000     .00000    -.13471     .11287     .33472    -.34530    -.55579     .29943
 
  11  3   C   1S        .00000     .00000     .00000     .00000     .00000    -.01097     .04042     .17651     .02685    -.00198
  12  3   C   2S        .00000     .00000     .00000     .00000    -.01340     .07451    -.27337   -1.11010    -.12999     .04303
  13  3   C   2PX       .00000     .00000     .00000     .00000    -.12442    -.05288     .21001    -.33527    -.06894    -.20458
  14  3   C   2PY       .42456     .35041     .36428    -.71759     .00000     .00000     .00000     .00000     .00000     .00000
  15  3   C   2PZ       .00000     .00000     .00000     .00000     .13471     .11287     .33472     .34530    -.55579    -.29943
 
  16  4   C   1S        .00000     .00000     .00000     .00000     .06767    -.07934     .06311    -.03099    -.07702    -.09332
  17  4   C   2S        .00000     .00000     .00000     .00000    -.30430     .41596    -.44022     .17116     .46753     .65751
  18  4   C   2PX       .00000     .00000     .00000     .00000    -.22253     .10424     .29998    -.08197     .20131    -.61644
  19  4   C   2PY      -.00868     .55751    -.59971     .38686     .00000     .00000     .00000     .00000     .00000     .00000
  20  4   C   2PZ       .00000     .00000     .00000     .00000    -.25793     .42545     .16611    -.06269    -.23812     .04297
 
  21  5   S   1S        .00000     .00000     .00000     .00000     .00000    -.03291    -.00595     .00000    -.00875     .00000
  22  5   S   2S        .00000     .00000     .00000     .00000     .00000     .09546     .01615     .00000     .02433     .00000
  23  5   S   2PX       .00000     .00000     .00000     .00000     .23059     .00000     .00000    -.00085     .00000    -.01712
  24  5   S   2PY       .24197     .00000    -.14509     .00000     .00000     .00000     .00000     .00000     .00000     .00000
  25  5   S   2PZ       .00000     .00000     .00000     .00000     .00000    -.17333    -.04050     .00000    -.05822     .00000
  26  5   S   3S        .00000     .00000     .00000     .00000     .00000    -.56050    -.11468     .00000    -.16032     .00000
  27  5   S   3PX       .00000     .00000     .00000     .00000    -.84989     .00000     .00000    -.00076     .00000     .05534
  28  5   S   3PY      -.79789     .00000     .51449     .00000     .00000     .00000     .00000     .00000     .00000     .00000
  29  5   S   3PZ       .00000     .00000     .00000     .00000     .00000     .66699     .15994     .00000     .23327     .00000
  30  5   S   3D 0      .00000     .00000     .00000     .00000     .00000    -.04188     .44385     .00000     .65118     .00000
  31  5   S   3D 1+     .00000     .00000     .00000     .00000    -.43339     .00000     .00000     .12722     .00000     .02452
  32  5   S   3D 1-     .01821     .00000     .16544     .00000     .00000     .00000     .00000     .00000     .00000     .00000
  33  5   S   3D 2+     .00000     .00000     .00000     .00000     .00000     .47118    -.00603     .00000    -.02435     .00000
  34  5   S   3D 2-     .00000    -.09603     .00000    -.23478     .00000     .00000     .00000     .00000     .00000     .00000
 
  35  6   H   1S        .00000     .00000     .00000     .00000    -.00126    -.33260     .51954     .21170     .01631     .86257
 
  36  7   H   1S        .00000     .00000     .00000     .00000     .06502     .05543     .59255    -.60153    -.34526     .35160
 
  37  8   H   1S        .00000     .00000     .00000     .00000    -.06502     .05543     .59255     .60153    -.34526    -.35160
 
  38  9   H   1S        .00000     .00000     .00000     .00000     .00126    -.33260     .51954    -.21170     .01631    -.86257
 

                          31         32         33         34         35         36         37         38
 
    EIGENVALUES---      .82407     .84146     .89427     .99804    1.03902    1.09463    1.13213    1.29719
 
   1  1   C   1S        .00000     .00000     .11117     .01392     .07653     .04898     .03701     .07315
   2  1   C   2S        .00000     .00000    -.81571    -.12308    -.58213    -.41718    -.27640    -.63297
   3  1   C   2PX       .00000     .00000    -.20672     .47708     .20337    -.10254     .69419     .64069
   4  1   C   2PY      -.29525    -.33786     .00000     .00000     .00000     .00000     .00000     .00000
   5  1   C   2PZ       .00000     .00000     .00500    -.52732     .73317    -.38950     .52426    -.25716
 
   6  2   C   1S        .00000     .00000    -.08798     .04874    -.08250     .03427    -.06971    -.05211
   7  2   C   2S        .00000     .00000     .62752    -.36727     .61328    -.25068     .57313     .40902
   8  2   C   2PX       .00000     .00000     .45139    -.31628     .58695     .78209     .24172    -.56956
   9  2   C   2PY       .05533     .16868     .00000     .00000     .00000     .00000     .00000     .00000
  10  2   C   2PZ       .00000     .00000     .00837     .00740     .64880    -.38624     .35241     .34403
 
  11  3   C   1S        .00000     .00000    -.08798     .04874     .08250    -.03427    -.06971     .05211
  12  3   C   2S        .00000     .00000     .62752    -.36727    -.61328     .25068     .57313    -.40902
  13  3   C   2PX       .00000     .00000    -.45139     .31628     .58695     .78209    -.24172    -.56956
  14  3   C   2PY       .05533    -.16868     .00000     .00000     .00000     .00000     .00000     .00000
  15  3   C   2PZ       .00000     .00000     .00837     .00740    -.64880     .38624     .35241    -.34403
 
  16  4   C   1S        .00000     .00000     .11117     .01392    -.07653    -.04898     .03701    -.07315
  17  4   C   2S        .00000     .00000    -.81571    -.12308     .58213     .41718    -.27640     .63297
  18  4   C   2PX       .00000     .00000     .20672    -.47708     .20337    -.10254    -.69419     .64069
  19  4   C   2PY      -.29525     .33786     .00000     .00000     .00000     .00000     .00000     .00000
  20  4   C   2PZ       .00000     .00000     .00500    -.52732    -.73317     .38950     .52426     .25716
 
  21  5   S   1S        .00000     .00000     .01399     .03179     .00000     .00000     .00973     .00000
  22  5   S   2S        .00000     .00000    -.04057    -.08628     .00000     .00000    -.02524     .00000
  23  5   S   2PX       .00000     .00000     .00000     .00000     .04654    -.09975     .00000    -.15175
  24  5   S   2PY      -.02490     .00000     .00000     .00000     .00000     .00000     .00000     .00000
  25  5   S   2PZ       .00000     .00000     .05569     .13318     .00000     .00000     .08030     .00000
  26  5   S   3S        .00000     .00000     .24273     .62162     .00000     .00000     .20259     .00000
  27  5   S   3PX       .00000     .00000     .00000     .00000    -.18920     .42111     .00000     .66901
  28  5   S   3PY       .09961     .00000     .00000     .00000     .00000     .00000     .00000     .00000
  29  5   S   3PZ       .00000     .00000    -.22983    -.57298     .00000     .00000    -.34214     .00000
  30  5   S   3D 0      .00000     .00000     .01105     .23527     .00000     .00000     .68007     .00000
  31  5   S   3D 1+     .00000     .00000     .00000     .00000    -.00148    -.65951     .00000    -.98183
  32  5   S   3D 1-   -1.01427     .00000     .00000     .00000     .00000     .00000     .00000     .00000
  33  5   S   3D 2+     .00000     .00000     .53056     .78315     .00000     .00000    -.22054     .00000
  34  5   S   3D 2-     .00000    1.00061     .00000     .00000     .00000     .00000     .00000     .00000
 
  35  6   H   1S        .00000     .00000     .55216    -.23423    -.02851     .32729    -.44152    -.13719
 
  36  7   H   1S        .00000     .00000    -.56730     .29641    -.24478    -.55861    -.17986     .26765
 
  37  8   H   1S        .00000     .00000    -.56730     .29641     .24478     .55861    -.17986    -.26765
 
  38  9   H   1S        .00000     .00000     .55216    -.23423     .02851    -.32729    -.44152     .13719
 
1MULLIKEN POPULATION MATRIX CONDENSED TO ATOMS                  (DOUBLE THE OFF-DIAGONAL ELEMENTS FOR 'BOND ORDERS')

                           1          2          3          4          5          6          7          8          9
 
         1   C         4.90341     .54021    -.04979    -.03772     .39819     .40497    -.04853     .00175     .00106
 
         2   C          .54021    4.80489     .48344    -.04979    -.04224    -.02400     .40185    -.01246     .00170
 
         3   C         -.04979     .48344    4.80489     .54021    -.04224     .00170    -.01246     .40185    -.02400
 
         4   C         -.03772    -.04979     .54021    4.90341     .39819     .00106     .00175    -.04853     .40497
 
         5   S          .39819    -.04224    -.04224     .39819   15.19365    -.02037     .00198     .00198    -.02037
 
         6   H          .40497    -.02400     .00170     .00106    -.02037     .57384    -.00666    -.00003    -.00002
 
         7   H         -.04853     .40185    -.01246     .00175     .00198    -.00666     .58073    -.00064    -.00003
 
         8   H          .00175    -.01246     .40185    -.04853     .00198    -.00003    -.00064     .58073    -.00666
 
         9   H          .00106     .00170    -.02400     .40497    -.02037    -.00002    -.00003    -.00666     .57384
 
0TOTAL ATOMIC CHARGES AND NET ATOMIC CHARGES

                           1          2
 
         1   C         6.11355    -.11355
 
         2   C         6.10360    -.10360
 
         3   C         6.10360    -.10360
 
         4   C         6.11355    -.11355
 
         5   S        15.86877     .13123
 
         6   H          .93048     .06952
 
         7   H          .91799     .08201
 
         8   H          .91799     .08201
 
         9   H          .93048     .06952
 
1BOND ORDER AND VALENCE INDICES (I. MAYER, I.J.Q.C., 29, 477-483 (1986))


          BOND ORDER MATRIX

                           1          2          3          4          5          6          7          8          9
 
         1   C          .00000    1.61541     .01082     .11553    1.23800     .97193     .00201     .00638     .00457
 
         2   C         1.61541     .00000    1.25736     .01082     .11358     .00151     .97091     .00325     .00467
 
         3   C          .01082    1.25736     .00000    1.61541     .11358     .00467     .00325     .97091     .00151
 
         4   C          .11553     .01082    1.61541     .00000    1.23800     .00457     .00638     .00201     .97193
 
         5   S         1.23800     .11358     .11358    1.23800     .00000     .00964     .00759     .00759     .00964
 
         6   H          .97193     .00151     .00467     .00457     .00964     .00000     .00135     .00080     .00071
 
         7   H          .00201     .97091     .00325     .00638     .00759     .00135     .00000     .00098     .00080
 
         8   H          .00638     .00325     .97091     .00201     .00759     .00080     .00098     .00000     .00135
 
         9   H          .00457     .00467     .00151     .97193     .00964     .00071     .00080     .00135     .00000
 
0                      VALENCE

                           1
 
         1   C         3.96465
 
         2   C         3.97751
 
         3   C         3.97751
 
         4   C         3.96465
 
         5   S         2.73763
 
         6   H          .99517
 
         7   H          .99327
 
         8   H          .99327
 
         9   H          .99517
 

0DIPOLE MOMENT (DEBYE):
 **********************

     X:  1.061044D-13          Y:  3.477640D-15          Z:  8.291647D-01          TOTAL:  8.291647D-01

0*** 11:34:50 (ELAPSED CPU TIME       .09 S)   ENTER LINK  702 ***
0RYSSET ROOT STATISTICS:     INTERPOLATED:     3070     CALCULATED:        0     ASSYMPTOTIC APPROXIMATION:     7064
0*** 11:34:50 (ELAPSED CPU TIME       .25 S)   ENTER LINK  703 ***
0DTWOL: FMTGEN WAS CALLED    52190 TIMES.
0*** 11:34:55 (ELAPSED CPU TIME      5.02 S)   ENTER LINK  704 ***
0RYSSET ROOT STATISTICS:     INTERPOLATED:    25132     CALCULATED:        0     ASSYMPTOTIC APPROXIMATION:     6664
 DPHNIX SHELL PASSES:     2022, FAST PASSES:     2022
0*** 11:34:59 (ELAPSED CPU TIME      4.06 S)   ENTER LINK  711 ***
1CARTESIAN COORDINATE DERIVATIVES IN MDYNE

0  I   AN            X                Y                Z

   1    6          .792033          .000000         -.030280
   2    6         -.049406          .000000         -.529701
   3    6          .049406          .000000         -.529701
   4    6         -.792033          .000000         -.030280
   5   16          .000000          .000000         -.039865
   6    1         -.510455          .000000         -.137517
   7    1         -.175541          .000000          .717431
   8    1          .175541          .000000          .717431
   9    1          .510455          .000000         -.137517
0*** 11:34:59 (ELAPSED CPU TIME       .02 S)   ENTER LINK  101 ***

0NORMAL TERMINATION, TOTAL CPU TIME FOR THIS CALCULATION WAS      .364 MINUTES.
20.6u 1.4s 0:24 91%
