 WELCOME TO U OF T MONSTERGAUSS                                                                         UNX VERSION: 13 AUG 1991
 ******************************
0CONTROL CARDS:

 *MOL BA=G, GE=BOHR, RHF, CO=6, FORCE=C, CI                              
 *PRT I=Y                                                                
 *IOP                                                                    
    4  28   1 PRINT LAGRANGE MULTIPLIERS                                 
    8  21   2 PRINT GRADIENT COMPONENTS                                  
    0   0   0                                                            

0SEQUENCE    GROUP     MG OPTIONS         GROUP OPTIONS (USER CONTROLLABLE)                  LINKS TO BE CALLED          JUMP

     1         2      000037012100 000000000000000000000000000000000000000000000000   01000000000000000000000000000000     0
     2         3      000037012100 004000010020000000000000000000000000000000000000   11000100000000000000000000000000     0
     3         4      000037012100 100000010000000010000000000000000000000000000000   11000000000000000000000000000000     0
     4         5      000037012100 110000000000000110000000000000000000000000000000   00100000000000000000000000000000     0
     5         6      000037012100 070000000000000000001000000000000000000000000000   10000000000000000000000000000000     0
     7         9      000037012100 000000000000000000000000000000000000000000000000   11111100000000000000000000000000     0
     8         7      000037012100 000100002000000000000000000000000000000000000000   01100000001000000000000000000000     0
0OPTION NUMBERS:      000000000111 111111122222222223333333333444444444455555555556   66666666677777777778888888888999
                      123456789012 345678901234567890123456789012345678901234567890   12345678901234567890123456789012

0CONVERSION FACTORS:  1 BOHR =  .52917706 ANGSTROMS
0                     1 HARTREE/BOHR = 8.2388584 MDYNE

                      1 HARTREE/ANGSTROM**2 = 4.3598149 MDYNE/ANGSTROM

                      1 ELECTRON*BOHR = 2.5417655 DEBYE

                      1 HARTREE/PARTICLE = 627.50959 KCAL/MOL = 2625.5001 KJ/MOL = 27.211611 EV/PARTICLE = 219474.67 CM(-1)/PARTICLE

                      1 ATOMIC UNIT OF ELECTRIC FIELD = 5.1422506D+09 VOLTS/CM
1CH2 OPEN SHELL SINGLET SCF/GRADIENT/CI                                  
 ------------------------------------------------------------------------
0CHARGE  =   0          MULTIPLICITY  =  1



 ------------------------------------------------------------------------------------------------------------------------------------
                    COORDINATES IN ANGSTROMS                               COORDINATES IN BOHR                    ATOMIC ISOTOPE/MASS
   I   AN        X             Y             Z                        X             Y             Z               MASS#    MASS (AMU)
 ------------------------------------------------------------------------------------------------------------------------------------
   1    6     .0000000      .0000000      .0000000                 .0000000      .0000000      .0000000             12    12.00000000
   2    1     .8781482      .0000000     -.6750447                1.6594600      .0000000    -1.2756500              1     1.00782504
   3    1    -.8781482      .0000000     -.6750447               -1.6594600      .0000000    -1.2756500              1     1.00782504
 ------------------------------------------------------------------------------------------------------------------------------------

0PROJECTING FROM STO-3G BASIS (5D/7F)

0BASIS SET TYPE: EXTERNAL GENERAL     ( 5D/ 7F)
 POLARIZATION  : UNKNOWN                                                                              
 DIFFUSE FUNCS : UNKNOWN                                                                              
1BASIS SET FOR THIS CALCULATION (EXPONENTS ARE SCALED)

 **********************************************************************************************************************************
               ATOMIC ORBITAL                                     GAUSSIAN FUNCTIONS
 **********************************************************************************************************************************
      ATOM       NO.    TYPE   SCALE FACTOR    EXPONENT        S COEF         P COEF         D COEF         F COEF
 **********************************************************************************************************************************
       CARBON
                    1    1S       1.00000
                                             4.2326100D+03  2.0290000D-03   .0000000D+00   .0000000D+00   .0000000D+00
                                             6.3488200D+02  1.5535000D-02   .0000000D+00   .0000000D+00   .0000000D+00
                                             1.4609700D+02  7.5411000D-02   .0000000D+00   .0000000D+00   .0000000D+00
                                             4.2497400D+01  2.5712100D-01   .0000000D+00   .0000000D+00   .0000000D+00
                                             1.4189200D+01  5.9655500D-01   .0000000D+00   .0000000D+00   .0000000D+00
                                             1.9666000D+00  2.4251700D-01   .0000000D+00   .0000000D+00   .0000000D+00
                    2    2S       1.00000
                                             5.1477000D+00  1.0000000D+00   .0000000D+00   .0000000D+00   .0000000D+00
                    3    3S       1.00000
                                             4.9620000D-01  1.0000000D+00   .0000000D+00   .0000000D+00   .0000000D+00
                    4    4S       1.00000
                                             1.5330000D-01  1.0000000D+00   .0000000D+00   .0000000D+00   .0000000D+00
                5-  7    1P       1.00000
                                             1.8155700D+01   .0000000D+00  1.8534000D-02   .0000000D+00   .0000000D+00
                                             3.9864000D+00   .0000000D+00  1.1544200D-01   .0000000D+00   .0000000D+00
                                             1.1429000D+00   .0000000D+00  3.8620600D-01   .0000000D+00   .0000000D+00
                                             3.5940000D-01   .0000000D+00  6.4008900D-01   .0000000D+00   .0000000D+00
                8- 10    2P       1.00000
                                             1.1460000D-01   .0000000D+00  1.0000000D+00   .0000000D+00   .0000000D+00
 ----------------------------------------------------------------------------------------------------------------------------------
     HYDROGEN
                   11    1S       1.00000
                                             1.9240600D+01  3.2828000D-02   .0000000D+00   .0000000D+00   .0000000D+00
                                             2.8992000D+00  2.3120800D-01   .0000000D+00   .0000000D+00   .0000000D+00
                                             6.5340000D-01  8.1723800D-01   .0000000D+00   .0000000D+00   .0000000D+00
                   12    2S       1.00000
                                             1.7760000D-01  1.0000000D+00   .0000000D+00   .0000000D+00   .0000000D+00
 ----------------------------------------------------------------------------------------------------------------------------------
     HYDROGEN
                   13    1S       1.00000
                                             1.9240600D+01  3.2828000D-02   .0000000D+00   .0000000D+00   .0000000D+00
                                             2.8992000D+00  2.3120800D-01   .0000000D+00   .0000000D+00   .0000000D+00
                                             6.5340000D-01  8.1723800D-01   .0000000D+00   .0000000D+00   .0000000D+00
                   14    2S       1.00000
                                             1.7760000D-01  1.0000000D+00   .0000000D+00   .0000000D+00   .0000000D+00
 **********************************************************************************************************************************

0*** THE S=P EXPONENT CONSTRAINT HAS BEEN REMOVED
0RYSSET ROOT STATISTICS:     INTERPOLATED:      437     CALCULATED:        0     ASSYMPTOTIC APPROXIMATION:      403
0STANDARD CUTOFFS SELECTED IN SHELL.
0SHELL: FMTGEN WAS CALLED     1501 TIMES


       3009 TWO ELECTRON INTEGRALS WRITTEN OUT ON UNIT  9 WITH INTEGRAL CUTOFF  1.00000D-10
1RHF OPEN SHELL SPECIFICATION
0GROUP     : FAA           
 DEGENERACY: 31100000000000
 ALPHA OCC : 31000000000000
 BETA OCC  : 30100000000000

0ORBITAL GROUP :       F       D       S       A       V
0NUMBER OF MO  :       3       0       0       2       9

0LEVEL    DEGENERACY    DOUBLE OCC    SINGLE ALPHA    SINGLE BETA    CONFIGURATIONS    SAMPLE CONFIGURATION
0  2           1             0              0               1               1           B  
+                                                                                      __  
0  1           1             0              1               0               1          A   
+                                                                                      __  

0COULOMB COUPLING COEFFICIENTS   A(I,J)
0  MO          OCCA      OCCB         CLOSED   OPEN 1   OPEN 2   
0CLOSED       3.0000    3.0000        2.0000   1.0000   1.0000
 OPEN 1       1.0000     .0000        1.0000    .0000    .5000
 OPEN 2        .0000    1.0000        1.0000    .5000    .0000

0EXCHANGE COUPLING COEFFICIENTS   B(I,J)
0  MO          OCCA      OCCB         CLOSED   OPEN 1   OPEN 2   
0CLOSED       3.0000    3.0000        1.0000    .5000    .5000
 OPEN 1       1.0000     .0000         .5000    .0000   -.5000
 OPEN 2        .0000    1.0000         .5000   -.5000    .0000

0PH INITIAL GUESS ... SCALE FACTOR (K/2) =  .8750
 SMALLEST EIGENVALUE OF OVERLAP IS  2.79554D-01
 SMALLEST EIGENVALUE OF OVERLAP IS  2.90380D-02
 COEFFICIENTS PROJECTED TO CURRENT BASIS
1INITIAL GUESS COEFFICIENTS         4 ALPHA SPIN ELECTRONS,    4 BETA SPIN ELECTRONS

                           1          2          3          4          5          6          7          8          9         10
 
    EIGENVALUES---   -11.52072   -1.07664    -.55335    -.39429    -.37000     .09972    1.24440     .00000     .00000     .00000
 
   1  1   C   1S       -.60421    -.11434     .00000    -.02362     .00000     .00000     .09653     .00000     .12982   -1.72299
   2  1   C   2S       -.44472    -.15142     .00000    -.03849     .00000     .00000     .18178     .00000    -.39611    1.88246
   3  1   C   3S        .02586     .46078     .00000     .14229     .00000     .00000    -.74901     .00000    1.53544    -.37625
   4  1   C   4S       -.01898     .36585     .00000     .12053     .00000     .00000    -.59207     .00000   -4.20127     .00349
   5  1   C   1PX       .00000     .00000    -.45298     .00000     .00000   -1.05238     .00000     .30227     .00000     .00000
   6  1   C   1PY       .00000     .00000     .00000     .00000    -.94288     .00000     .00000     .00000     .00000     .00000
   7  1   C   1PZ       .00326     .05725     .00000     .87682     .00000     .00000     .60758     .00000    -.07195    -.07639
   8  1   C   2PX       .00000     .00000    -.04733     .00000     .00000    -.10848     .00000   -2.00600     .00000     .00000
   9  1   C   2PY       .00000     .00000     .00000     .00000    -.09949     .00000     .00000     .00000     .00000     .00000
  10  1   C   2PZ       .00391    -.01566     .00000     .08269     .00000     .00000     .10182     .00000    1.65112     .22492
 
  11  2   H   1S        .00240     .17263    -.31037    -.06062     .00000     .49144     .54103    -.72653    -.38779    -.09193
  12  2   H   2S        .00919     .08945    -.23667    -.06188     .00000     .37804     .49328    2.24221    2.33138     .22500
 
  13  3   H   1S        .00240     .17263     .31037    -.06062     .00000    -.49144     .54103     .72653    -.38779    -.09193
  14  3   H   2S        .00919     .08945     .23667    -.06188     .00000    -.37804     .49328   -2.24221    2.33138     .22500
 

                          11         12         13         14
 
    EIGENVALUES---      .00000     .00000     .00000     .00000
 
   1  1   C   1S       -.36748     .00000     .00000    -.04297
   2  1   C   2S        .17203     .00000     .00000     .00833
   3  1   C   3S       1.02175     .00000     .00000     .05076
   4  1   C   4S       -.65702     .00000     .00000    -.00439
   5  1   C   1PX       .00000    -.38234     .00000     .00000
   6  1   C   1PY       .00000     .00000     .72113     .00000
   7  1   C   1PZ       .37408     .00000     .00000     .45473
   8  1   C   2PX       .00000     .96846     .00000     .00000
   9  1   C   2PY       .00000     .00000   -1.18286     .00000
  10  1   C   2PZ      -.59362     .00000     .00000   -1.00670
 
  11  2   H   1S        .55707    -.55325     .00000    -.53110
  12  2   H   2S       -.58879     .28350     .00000     .26105
 
  13  3   H   1S        .55707     .55325     .00000    -.53110
  14  3   H   2S       -.58879    -.28350     .00000     .26105
 
 
 THESE MO COEFFICIENTS HAVE BEEN WRITTEN TO FILE 25, RE-ORDERED BY GROUPS
 THESE MO COEFFICIENTS HAVE BEEN WRITTEN TO FILE 27, RE-ORDERED BY GROUPS
1RHF OPEN SHELL SCF               NUCLEAR REPULSION ENERGY IS      6.034411031  HARTREES
0CONVERGENCE ON DENSITY MATRIX REQUIRED TO EXIT IS  1.0000D-06,  INITIAL SCALE FACTOR (SCALST) IS  .80000
 SCALE FACTOR CUT RATIO (FACTDN) IS  .66667,  SCALE FACTOR INCREASE RATIO (FACTUP) IS 1.20000
 SCALE FACTOR LOWER LIMIT (SLIMDN) IS  .00050,  SCALE FACTOR UPPER LIMIT (SLIMUP) IS  .80000
 SWITCH TO INCREASE MODE AT D CONVERGENCE  2.0000D-03 (SCRIT, RHF=INCR MODE ONLY).
0 CYCLE                   ENERGY                    SCF CONVERGENCE         CI CONVERGENCE         EXTRAPOLATION     SCALE      RESET
0 CI SCF       ELECTRONIC           TOTAL          COEFF      DENSITY      COEFF      DENSITY

   1   0      -44.724976074      -38.690565043             
   1   1      -44.398057941      -38.363646910              4.5175D-02                                             5.3333D-01    YES 
   1   2      -44.920487312      -38.886076280   2.8057D-02 2.2907D-02                                             8.0000D-01    YES 
   1   3      -44.760489474      -38.726078442   3.8598D-02 2.9677D-02                                             8.0000D-01    YES 
   1   4      -44.939059088      -38.904648056   4.6060D-02 3.4920D-02                                             8.0000D-01    YES 
   1   5      -44.671606831      -38.637195800   7.1685D-02 5.0862D-02                                             8.0000D-01    YES 
   1   6      -44.971607004      -38.937195972   9.7596D-02 7.1263D-02                                3-POINT      8.0000D-01    YES 
   1   7      -44.841556308      -38.807145277              3.8112D-03                                             8.0000D-01    YES 
   1   8      -44.861048084      -38.826637052   4.3614D-03 3.0935D-03                                             8.0000D-01    YES 
   1   9      -44.833071632      -38.798660601   8.5543D-03 5.9003D-03                                             8.0000D-01    YES 
   1  10      -44.872786504      -38.838375472   1.0328D-02 7.1243D-03                                             8.0000D-01    YES 
   1  11      -44.814067998      -38.779656966   1.6318D-02 1.1225D-02                                3-POINT      8.0000D-01    YES 
   1  12      -44.848190760      -38.813779729              9.4722D-04                                             8.0000D-01    YES 
   1  13      -44.853057731      -38.818646699   9.8031D-04 6.9299D-04                                             8.0000D-01    YES 
   1  14      -44.846252617      -38.811841586   2.0509D-03 1.4092D-03                                             8.0000D-01    YES 
   1  15      -44.855993468      -38.821582437   2.4380D-03 1.6752D-03                                             8.0000D-01    YES 
   1  16      -44.842036953      -38.807625922   3.8882D-03 2.6772D-03                                3-POINT      8.0000D-01    YES 
   1  17      -44.849835033      -38.815424002              2.4145D-04                                             8.0000D-01    YES 
   1  18      -44.851109781      -38.816698749   2.5618D-04 1.7802D-04                                             8.0000D-01    YES 
   1  19      -44.849340374      -38.814929343   5.3456D-04 3.6714D-04                                             8.0000D-01    YES 
   1  20      -44.851888493      -38.817477462   6.3950D-04 4.3948D-04                                             8.0000D-01    YES 
   1  21      -44.848252417      -38.813841386   1.0180D-03 7.0212D-04                                3-POINT      8.0000D-01    YES 
   1  22      -44.850273579      -38.815862548              6.1416D-05                                             8.0000D-01    YES 
   1  23      -44.850600618      -38.816189587   6.5221D-05 4.4949D-05                                             8.0000D-01    YES 
   1  24      -44.850147250      -38.815736219   1.3674D-04 9.4071D-05                                             8.0000D-01    YES 
   1  25      -44.850799630      -38.816388599   1.6373D-04 1.1266D-04                                             8.0000D-01    YES 
   1  26      -44.849870547      -38.815459516   2.6076D-04 1.8013D-04                                3-POINT      8.0000D-01    YES 
   1  27      -44.850385829      -38.815974797              1.5759D-05                                             8.0000D-01    YES 
   1  28      -44.850470189      -38.816059157   1.6659D-05 1.1440D-05                                             8.0000D-01    YES 
   1  29      -44.850353634      -38.815942603   3.5042D-05 2.4157D-05                                             8.0000D-01    YES 
   1  30      -44.850520871      -38.816109840   4.1975D-05 2.8922D-05                                             8.0000D-01    YES 
   1  31      -44.850283008      -38.815871977   6.6868D-05 4.6253D-05                                3-POINT      8.0000D-01    YES 
   1  32      -44.850416308      -38.816005277              4.0284D-06                                             8.0000D-01    YES 
   1  33      -44.850433290      -38.816022258   4.3637D-06 2.9725D-06                                             8.0000D-01    YES 
   1  34      -44.850411102      -38.816000070   9.1113D-06 6.2527D-06                                             8.0000D-01    YES 
   1  35      -44.850444546      -38.816033515   1.0845D-05 7.4293D-06                                             8.0000D-01    YES 
   1  36      -44.850392682      -38.815981650   1.7148D-05 1.1836D-05                                3-POINT      8.0000D-01    YES 
   1  37      -44.850423360      -38.816012328              1.0744D-06                                             8.0000D-01    YES 
   1  38      -44.850425666      -38.816014635   9.1266D-07 6.3167D-07                                             8.0000D-01    YES 
   1  39      -44.850424885      -38.816013853                                       .0000D+00                     8.0000D-01    YES 
0AT TERMINATION TOTAL ENERGY IS      -38.816014  HARTREES          ORBITAL CONVERGENCE IS 5.50242D-07

0S =  .000 (  .000 EXPECTED),   S(S+1) =   .0000 (   .0000 EXPECTED)
1LAGRANGE MULTIPLIERS MATRIX


              1           2           3           4           5           6           7           8           9          10
0
   1    -11.283005     .000000     .000000    -.007211     .000000     .000000     .000000     .000000     .000000     .000000
   2       .000000    -.880924     .000000     .011086     .000000     .000000     .000000     .000000     .000000     .000000
   3       .000000     .000000    -.563386     .000000     .000000     .000000     .000000     .000000     .000000     .000000
   4      -.007211     .011086     .000000    -.213182     .000000    -.006574     .000000     .000000     .025474     .000000
   5       .000000     .000000     .000000     .000000    -.165679     .000000     .000000     .000000     .000000    -.024808
   6       .000000     .000000     .000000    -.006574     .000000     .306428     .000000     .000000     .000000     .000000
   7       .000000     .000000     .000000     .000000     .000000     .000000     .320837     .000000     .000000     .000000
   8       .000000     .000000     .000000     .000000     .000000     .000000     .000000     .462128     .000000     .000000
   9       .000000     .000000     .000000     .025474     .000000     .000000     .000000     .000000     .466862     .000000
  10       .000000     .000000     .000000     .000000    -.024808     .000000     .000000     .000000     .000000     .509822
  11       .000000     .000000     .000000    -.020572     .000000     .000000     .000000     .000000     .000000     .000000
  12       .000000     .000000     .000000     .005077     .000000     .000000     .000000     .000000     .000000     .000000
  13       .000000     .000000     .000000     .000000     .000000     .000000     .000000     .000000     .000000     .000000
  14       .000000     .000000     .000000    -.001607     .000000     .000000     .000000     .000000     .000000     .000000
0
             11          12          13          14
0
   1       .000000     .000000     .000000     .000000
   2       .000000     .000000     .000000     .000000
   3       .000000     .000000     .000000     .000000
   4      -.020572     .005077     .000000    -.001607
   5       .000000     .000000     .000000     .000000
   6       .000000     .000000     .000000     .000000
   7       .000000     .000000     .000000     .000000
   8       .000000     .000000     .000000     .000000
   9       .000000     .000000     .000000     .000000
  10       .000000     .000000     .000000     .000000
  11       .804375     .000000     .000000     .000000
  12       .000000    1.294250     .000000     .000000
  13       .000000     .000000    1.318805     .000000
  14       .000000     .000000     .000000   23.793498
0
1MOLECULAR ORBITALS         4 ALPHA SPIN ELECTRONS,   4 BETA SPIN ELECTRONS

                           1          2          3          4          5          6          7          8          9         10
 
    EIGENVALUES---   -11.28300    -.88092    -.56339    -.21318    -.16568     .30643     .32084     .46213     .46686     .50982
 
   1  1   C   1S       -.60108    -.11915     .00000    -.05491     .00000    -.07160     .00000     .00000     .01815     .00000
   2  1   C   2S       -.43760    -.16142     .00000    -.07515     .00000    -.10086     .00000     .00000     .03368     .00000
   3  1   C   3S       -.00369     .45467     .00000     .23449     .00000     .26156     .00000     .00000    -.28514     .00000
   4  1   C   4S       -.00026     .36876     .00000     .26158     .00000    2.21063     .00000     .00000     .47475     .00000
   5  1   C   1PX       .00000     .00000    -.52205     .00000     .00000     .00000     .18631    -.96611     .00000     .00000
   6  1   C   1PY       .00000     .00000     .00000     .00000    -.70667     .00000     .00000     .00000     .00000     .95376
   7  1   C   1PZ       .00012    -.14562     .00000     .64228     .00000    -.19084     .00000     .00000     .87208     .00000
   8  1   C   2PX       .00000     .00000    -.08131     .00000     .00000     .00000    1.84717     .66108     .00000     .00000
   9  1   C   2PY       .00000     .00000     .00000     .00000    -.42274     .00000     .00000     .00000     .00000   -1.10921
  10  1   C   2PZ      -.00043    -.01439     .00000     .30926     .00000   -1.32955     .00000     .00000   -1.20515     .00000
 
  11  2   H   1S       -.00029     .18037    -.24763    -.10596     .00000    -.03207    -.09984    -.08930    -.10941     .00000
  12  2   H   2S        .00002     .06076    -.22581    -.04163     .00000   -1.75878   -1.55071     .46877    -.09180     .00000
 
  13  3   H   1S       -.00029     .18037     .24763    -.10596     .00000    -.03207     .09984     .08930    -.10941     .00000
  14  3   H   2S        .00002     .06076     .22581    -.04163     .00000   -1.75878    1.55071    -.46877    -.09180     .00000
 

                          11         12         13         14
 
    EIGENVALUES---      .80437    1.29425    1.31881   23.79350
 
   1  1   C   1S        .11361     .09194     .00000    1.76214
   2  1   C   2S        .20130     .14619     .00000   -1.92070
   3  1   C   3S      -1.68664    -.96344     .00000     .39436
   4  1   C   4S       2.98306    2.04928     .00000    -.40841
   5  1   C   1PX       .00000     .00000     .55644     .00000
   6  1   C   1PY       .00000     .00000     .00000     .00000
   7  1   C   1PZ      -.35537     .37679     .00000    -.00629
   8  1   C   2PX       .00000     .00000   -1.05844     .00000
   9  1   C   2PY       .00000     .00000     .00000     .00000
  10  1   C   2PZ      -.54112    -.73647     .00000     .09443
 
  11  2   H   1S       -.30378     .96245   -1.04523    -.04549
  12  2   H   2S       -.87590   -1.50261    1.62215     .15425
 
  13  3   H   1S       -.30378     .96245    1.04523    -.04549
  14  3   H   2S       -.87590   -1.50261   -1.62215     .15425
 
 
 THE FIRST   3 MO ARE DOUBLY OCCUPIED FROZEN CORE ORBITALS
0OPEN SHELL ORBITAL OCCUPANCIES:    MO     OCCA     OCCB
                                     4    1.0000    .0000
                                     5     .0000   1.0000
1MULLIKEN POPULATION MATRIX CONDENSED TO ATOMS (ALPHA SPIN)     (DOUBLE THE OFF-DIAGONAL ELEMENTS FOR 'BOND ORDERS')

                           1          2          3
 
         1   C         2.81236     .18197     .18197
 
         2   H          .18197     .25889    -.02901
 
         3   H          .18197    -.02901     .25889
 
1MULLIKEN POPULATION MATRIX CONDENSED TO ATOMS (BETA SPIN)      (DOUBLE THE OFF-DIAGONAL ELEMENTS FOR 'BOND ORDERS')

                           1          2          3
 
         1   C         2.89085     .17290     .17290
 
         2   H          .17290     .23990    -.03113
 
         3   H          .17290    -.03113     .23990
 
1MULLIKEN POPULATION MATRIX CONDENSED TO ATOMS (TOTAL)          (DOUBLE THE OFF-DIAGONAL ELEMENTS FOR 'BOND ORDERS')

                           1          2          3
 
         1   C         5.70321     .35488     .35488
 
         2   H          .35488     .49879    -.06014
 
         3   H          .35488    -.06014     .49879
 
0ATOMIC CHARGES (ALPHA(1), BETA(2)), ATOMIC SPIN DENSITIES(3), ATOMIC CHARGES (TOTAL(4), NET(5))

                           1          2          3          4          5
 
         1   C         3.17630    3.23666    -.06036    6.41296    -.41296
 
         2   H          .41185     .38167     .03018     .79352     .20648
 
         3   H          .41185     .38167     .03018     .79352     .20648
 
1BOND ORDER AND VALENCE INDICES (I. MAYER, I.J.Q.C., 29, 477-483 (1986))


          BOND ORDER MATRIX

                           1          2          3
 
         1   C          .00000     .91986     .91986
 
         2   H          .91986     .00000     .00473
 
         3   H          .91986     .00473     .00000
 
0                      VALENCE  FREE VALENCE

                           1          2
 
         1   C         3.72265    1.88293
 
         2   H          .92550     .00091
 
         3   H          .92550     .00091
 
1*********************************
 *INTEGRAL TRANSFORMATION PACKAGE*
 *********************************

0GROUP SPECIFICATION:

   1  1  4  1  3  5  8  8  5  7  5  5  8  0

0TRANSFORM 13 MO
1****************************
 *CI CONFIGURATION GENERATOR*
 ****************************


 OPEN SHELL SINGLET


 SYMMETRY     NUMBER OF MO OF THAT SYMMETRY
  OF MO       TOTAL     OCCUPIED     FROZEN VIRTUAL
 --------------------------------------------------
   A1           7           3              0
   A2           0           0              0
   B1           2           1              0
   B2           4           1              0


 OCCUPANCY VECTOR:
   0  2  1  1  2
0NUMBER OF ACTIVE OCCUPIED MO                        4
 POSITION OF FIRST SINGLY OCCUPIED OR VIRTUAL MO     3
 TOTAL NUMBER OF ACTIVE MO                          12
 TOTAL NUMBER OF DOUBLY OCCUPIED ACTIVE MO           2
 NUMBER OF SYMMETRY TYPES                            4
0TOTAL NUMBER OF CONFIGURATIONS                    165

0NUMBER OF 3360 WORD BLOCKS WRITTEN TO THE FORMULA TAPE:        16
1********************
 *CI DIAGONALIZATION*
 ********************



 ITERATION     CORRELATION ENERGY

      2             -.0701815
      3             -.0726727
      4             -.0727794
      5             -.0727836
      6             -.0727839

0TOTAL SCF ENERGY                          -38.8160139
 CORRELATION ENERGY                          -.0727839
0TOTAL CI ENERGY                           -38.8887977
0TOTAL CI ENERGY + (1-C0*C0)*ECORR         -38.8917538
0WHERE (1-C0*C0)*ECORR IS AN APPROXIMATE CORRECTION TO THE CI ENERGY FOR QUADRUPLE EXCITATIONS
0C0 IS THE COEFFICIENT OF THE ROOT CONFIGURATION
 C0 =     .9794823
0RYSSET ROOT STATISTICS:     INTERPOLATED:      451     CALCULATED:        0     ASSYMPTOTIC APPROXIMATION:      389
0DTWOL: FMTGEN WAS CALLED     1614 TIMES.
1ENERGY TERMS:
0KINETIC:     38.800720038
 V (NE) :   -102.289218325
 V (EE) :       .000000000
 NUCLEAR:      6.034411031
          ----------------
 TOTAL  :    -57.454087256

0ATOMIC POSITION DERIVATIVE COMPONENTS (MDYNE)
0CENTER               VNE(OPR)         VNE(WFN)          T(WFN)          VEE(WFN)          COEF            NUCLEAR           TOTAL
0 1   C     X         .0000000         .0000000         .0000000         .0000000         .0000000         .0000000         .0000000
            Y         .0000000         .0000000         .0000000         .0000000         .0000000         .0000000         .0000000
            Z       11.9737022       30.9548695       -4.3259406      -21.2364917       -2.9431086      -13.7532866         .6697442
0 2   H     X        9.0478101       12.8404350       -2.1849215       -9.0687271       -1.0825475       -9.6935985        -.1415495
            Y         .0000000         .0000000         .0000000         .0000000         .0000000         .0000000         .0000000
            Z       -6.8023627      -14.6619232        2.1629703       10.6182458        1.4715543        6.8766433        -.3348721
0 3   H     X       -9.0478101      -12.8404350        2.1849215        9.0687271        1.0825475        9.6935985         .1415495
            Y         .0000000         .0000000         .0000000         .0000000         .0000000         .0000000         .0000000
            Z       -6.8023627      -14.6619232        2.1629703       10.6182458        1.4715543        6.8766433        -.3348721
1CARTESIAN COORDINATE DERIVATIVES IN MDYNE

0  I   AN            X                Y                Z

   1    6          .000000          .000000          .669744
   2    1         -.141549          .000000         -.334872
   3    1          .141549          .000000         -.334872

0NORMAL TERMINATION, TOTAL CPU TIME FOR THIS CALCULATION WAS      .103 MINUTES.
5.5u 0.8s 0:07 90%
