 WELCOME TO U OF T MONSTERGAUSS                                                                         UNX VERSION: 13 AUG 1991
 ******************************
0CONTROL CARDS:

 *MOL GE=B, BA=G, RHF, CO=6, FORCE=C, CI                                 
 *PRT I=Y                                                                
 *IOP                                                                    
    8  21   2 PRINT GRADIENT COMPONENTS                                  
    0   0   0                                                            

0SEQUENCE    GROUP     MG OPTIONS         GROUP OPTIONS (USER CONTROLLABLE)                  LINKS TO BE CALLED          JUMP

     1         2      000037012100 000000000000000000000000000000000000000000000000   01000000000000000000000000000000     0
     2         3      000037012100 004000010020000000000000000000000000000000000000   11000100000000000000000000000000     0
     3         4      000037012100 100000010000000010000000000000000000000000000000   11000000000000000000000000000000     0
     4         5      000037012100 110000000000000010000000000000000000000000000000   00100000000000000000000000000000     0
     5         6      000037012100 070000000000000000001000000000000000000000000000   10000000000000000000000000000000     0
     7         9      000037012100 000000000000000000000000000000000000000000000000   11111100000000000000000000000000     0
     8         7      000037012100 000100002000000000000000000000000000000000000000   01100000001000000000000000000000     0
0OPTION NUMBERS:      000000000111 111111122222222223333333333444444444455555555556   66666666677777777778888888888999
                      123456789012 345678901234567890123456789012345678901234567890   12345678901234567890123456789012

0CONVERSION FACTORS:  1 BOHR =  .52917706 ANGSTROMS
0                     1 HARTREE/BOHR = 8.2388584 MDYNE

                      1 HARTREE/ANGSTROM**2 = 4.3598149 MDYNE/ANGSTROM

                      1 ELECTRON*BOHR = 2.5417655 DEBYE

                      1 HARTREE/PARTICLE = 627.50959 KCAL/MOL = 2625.5001 KJ/MOL = 27.211611 EV/PARTICLE = 219474.67 CM(-1)/PARTICLE

                      1 ATOMIC UNIT OF ELECTRIC FIELD = 5.1422506D+09 VOLTS/CM
1CH2  CATION QUARTET SCF/GRADIENT/CI TEST CASE                           
 ------------------------------------------------------------------------
0CHARGE  =   1          MULTIPLICITY  =  4



 ------------------------------------------------------------------------------------------------------------------------------------
                    COORDINATES IN ANGSTROMS                               COORDINATES IN BOHR                    ATOMIC ISOTOPE/MASS
   I   AN        X             Y             Z                        X             Y             Z               MASS#    MASS (AMU)
 ------------------------------------------------------------------------------------------------------------------------------------
   1    6     .0000000      .0000000      .0000000                 .0000000      .0000000      .0000000             12    12.00000000
   2    1     .9104306      .0000000      .5803511                1.7204650      .0000000     1.0967050              1     1.00782504
   3    1    -.9104306      .0000000      .5803511               -1.7204650      .0000000     1.0967050              1     1.00782504
 ------------------------------------------------------------------------------------------------------------------------------------

0PROJECTING FROM STO-3G BASIS (5D/7F)

0BASIS SET TYPE: EXTERNAL GENERAL     ( 5D/ 7F)
 POLARIZATION  : UNKNOWN                                                                              
 DIFFUSE FUNCS : UNKNOWN                                                                              
1BASIS SET FOR THIS CALCULATION (EXPONENTS ARE SCALED)

 **********************************************************************************************************************************
               ATOMIC ORBITAL                                     GAUSSIAN FUNCTIONS
 **********************************************************************************************************************************
      ATOM       NO.    TYPE   SCALE FACTOR    EXPONENT        S COEF         P COEF         D COEF         F COEF
 **********************************************************************************************************************************
       CARBON
                    1    1S       1.00000
                                             4.2326100D+03  2.0290000D-03   .0000000D+00   .0000000D+00   .0000000D+00
                                             6.3488200D+02  1.5535000D-02   .0000000D+00   .0000000D+00   .0000000D+00
                                             1.4609700D+02  7.5411000D-02   .0000000D+00   .0000000D+00   .0000000D+00
                                             4.2497400D+01  2.5712100D-01   .0000000D+00   .0000000D+00   .0000000D+00
                                             1.4189200D+01  5.9655500D-01   .0000000D+00   .0000000D+00   .0000000D+00
                                             1.9666000D+00  2.4251700D-01   .0000000D+00   .0000000D+00   .0000000D+00
                    2    2S       1.00000
                                             5.1477000D+00  1.0000000D+00   .0000000D+00   .0000000D+00   .0000000D+00
                    3    3S       1.00000
                                             4.9620000D-01  1.0000000D+00   .0000000D+00   .0000000D+00   .0000000D+00
                    4    4S       1.00000
                                             1.5330000D-01  1.0000000D+00   .0000000D+00   .0000000D+00   .0000000D+00
                5-  7    1P       1.00000
                                             1.8155700D+01   .0000000D+00  1.8534000D-02   .0000000D+00   .0000000D+00
                                             3.9864000D+00   .0000000D+00  1.1544200D-01   .0000000D+00   .0000000D+00
                                             1.1429000D+00   .0000000D+00  3.8620600D-01   .0000000D+00   .0000000D+00
                                             3.5940000D-01   .0000000D+00  6.4008900D-01   .0000000D+00   .0000000D+00
                8- 10    2P       1.00000
                                             1.1460000D-01   .0000000D+00  1.0000000D+00   .0000000D+00   .0000000D+00
 ----------------------------------------------------------------------------------------------------------------------------------
     HYDROGEN
                   11    1S       1.00000
                                             1.9240600D+01  3.2828000D-02   .0000000D+00   .0000000D+00   .0000000D+00
                                             2.8992000D+00  2.3120800D-01   .0000000D+00   .0000000D+00   .0000000D+00
                                             6.5340000D-01  8.1723800D-01   .0000000D+00   .0000000D+00   .0000000D+00
                   12    2S       1.00000
                                             1.7760000D-01  1.0000000D+00   .0000000D+00   .0000000D+00   .0000000D+00
 ----------------------------------------------------------------------------------------------------------------------------------
     HYDROGEN
                   13    1S       1.00000
                                             1.9240600D+01  3.2828000D-02   .0000000D+00   .0000000D+00   .0000000D+00
                                             2.8992000D+00  2.3120800D-01   .0000000D+00   .0000000D+00   .0000000D+00
                                             6.5340000D-01  8.1723800D-01   .0000000D+00   .0000000D+00   .0000000D+00
                   14    2S       1.00000
                                             1.7760000D-01  1.0000000D+00   .0000000D+00   .0000000D+00   .0000000D+00
 **********************************************************************************************************************************

0*** THE S=P EXPONENT CONSTRAINT HAS BEEN REMOVED
0RYSSET ROOT STATISTICS:     INTERPOLATED:      441     CALCULATED:        0     ASSYMPTOTIC APPROXIMATION:      399
0STANDARD CUTOFFS SELECTED IN SHELL.
0SHELL: FMTGEN WAS CALLED     1595 TIMES


       3009 TWO ELECTRON INTEGRALS WRITTEN OUT ON UNIT  9 WITH INTEGRAL CUTOFF  1.00000D-10
1RHF OPEN SHELL SPECIFICATION
0GROUP     : FA            
 DEGENERACY: 23000000000000
 ALPHA OCC : 00000000000000
 BETA OCC  : 00000000000000

0ORBITAL GROUP :       F       D       S       A       V
0NUMBER OF MO  :       2       0       0       3       9

0LEVEL    DEGENERACY    DOUBLE OCC    SINGLE ALPHA    SINGLE BETA    CONFIGURATIONS    SAMPLE CONFIGURATION
0  1           3             0              3               0               1          A   A   A   
+                                                                                      __  __  __  

0COULOMB COUPLING COEFFICIENTS   A(I,J)
0  MO          OCCA      OCCB         CLOSED   OPEN 1   OPEN 2   OPEN 3   
0CLOSED       2.0000    2.0000        2.0000   1.0000   1.0000   1.0000
 OPEN 1       1.0000     .0000        1.0000    .0000    .5000    .5000
 OPEN 2       1.0000     .0000        1.0000    .5000    .0000    .5000
 OPEN 3       1.0000     .0000        1.0000    .5000    .5000    .0000

0EXCHANGE COUPLING COEFFICIENTS   B(I,J)
0  MO          OCCA      OCCB         CLOSED   OPEN 1   OPEN 2   OPEN 3   
0CLOSED       2.0000    2.0000        1.0000    .5000    .5000    .5000
 OPEN 1       1.0000     .0000         .5000    .0000    .5000    .5000
 OPEN 2       1.0000     .0000         .5000    .5000    .0000    .5000
 OPEN 3       1.0000     .0000         .5000    .5000    .5000    .0000

0PH INITIAL GUESS ... SCALE FACTOR (K/2) =  .8750
 SMALLEST EIGENVALUE OF OVERLAP IS  2.71321D-01
 SMALLEST EIGENVALUE OF OVERLAP IS  3.09547D-02
 COEFFICIENTS PROJECTED TO CURRENT BASIS
1INITIAL GUESS COEFFICIENTS         5 ALPHA SPIN ELECTRONS,    2 BETA SPIN ELECTRONS

                           1          2          3          4          5          6          7          8          9         10
 
    EIGENVALUES---   -11.52085   -1.07730    -.56350    -.38895    -.37000     .18583    1.36326     .00000     .00000     .00000
 
   1  1   C   1S       -.60418    -.11492     .00000    -.02057     .00000     .00000    -.09681     .00000    -.13271    1.72650
   2  1   C   2S       -.44459    -.15178     .00000    -.03403     .00000     .00000    -.18685     .00000     .39948   -1.88223
   3  1   C   3S        .02512     .46056     .00000     .12665     .00000     .00000     .77946     .00000   -1.50028     .35943
   4  1   C   4S       -.01887     .35993     .00000     .10505     .00000     .00000     .60757     .00000    4.11632     .01675
   5  1   C   1PX       .00000     .00000    -.44036     .00000     .00000    1.10574     .00000     .29680     .00000     .00000
   6  1   C   1PY       .00000     .00000     .00000     .00000     .94288     .00000     .00000     .00000     .00000     .00000
   7  1   C   1PZ      -.00321    -.05125     .00000    -.89145     .00000     .00000     .55026     .00000    -.07374    -.06968
   8  1   C   2PX       .00000     .00000    -.04572     .00000     .00000     .11311     .00000   -2.28136     .00000     .00000
   9  1   C   2PY       .00000     .00000     .00000     .00000     .09949     .00000     .00000     .00000     .00000     .00000
  10  1   C   2PZ      -.00325     .01165     .00000    -.08715     .00000     .00000     .08940     .00000    1.39151     .19934
 
  11  2   H   1S        .00274     .17088    -.30667    -.05312     .00000    -.51242    -.55255    -.72226     .42056     .09270
  12  2   H   2S        .00923     .09128    -.23373    -.05278     .00000    -.39486    -.49971    2.43386   -2.26823    -.22541
 
  13  3   H   1S        .00274     .17088     .30667    -.05312     .00000     .51242    -.55255     .72226     .42056     .09270
  14  3   H   2S        .00923     .09128     .23373    -.05278     .00000     .39486    -.49971   -2.43386   -2.26823    -.22541
 

                          11         12         13         14
 
    EIGENVALUES---      .00000     .00000     .00000     .00000
 
   1  1   C   1S       -.35078     .00000     .02933     .00000
   2  1   C   2S        .15875     .00000    -.00548     .00000
   3  1   C   3S       1.00237     .00000    -.01481     .00000
   4  1   C   4S       -.63637     .00000    -.01952     .00000
   5  1   C   1PX       .00000     .00000     .00000     .31861
   6  1   C   1PY       .00000     .72113     .00000     .00000
   7  1   C   1PZ      -.36941     .00000     .49337     .00000
   8  1   C   2PX       .00000     .00000     .00000    -.94641
   9  1   C   2PY       .00000   -1.18286     .00000     .00000
  10  1   C   2PZ       .57165     .00000   -1.02366     .00000
 
  11  2   H   1S        .56183     .00000     .48416     .59009
  12  2   H   2S       -.59222     .00000    -.25010    -.29236
 
  13  3   H   1S        .56183     .00000     .48416    -.59009
  14  3   H   2S       -.59222     .00000    -.25010     .29236
 
 
 THESE MO COEFFICIENTS HAVE BEEN WRITTEN TO FILE 25, RE-ORDERED BY GROUPS
 THESE MO COEFFICIENTS HAVE BEEN WRITTEN TO FILE 27, RE-ORDERED BY GROUPS
1RHF OPEN SHELL SCF               NUCLEAR REPULSION ENERGY IS      6.172151216  HARTREES
0CONVERGENCE ON DENSITY MATRIX REQUIRED TO EXIT IS  1.0000D-06,  INITIAL SCALE FACTOR (SCALST) IS  .80000
 SCALE FACTOR CUT RATIO (FACTDN) IS  .66667,  SCALE FACTOR INCREASE RATIO (FACTUP) IS 1.20000
 SCALE FACTOR LOWER LIMIT (SLIMDN) IS  .00050,  SCALE FACTOR UPPER LIMIT (SLIMUP) IS  .80000
 SWITCH TO INCREASE MODE AT D CONVERGENCE  2.0000D-03 (SCRIT, RHF=INCR MODE ONLY).
0 CYCLE                   ENERGY                    SCF CONVERGENCE         CI CONVERGENCE         EXTRAPOLATION     SCALE      RESET
0 CI SCF       ELECTRONIC           TOTAL          COEFF      DENSITY      COEFF      DENSITY

   1   0      -44.459539616      -38.287388400             
   1   1      -44.569702574      -38.397551358              4.3334D-02                                             8.0000D-01    YES 
   1   2      -44.576324711      -38.404173495   4.4699D-02 3.8149D-02                                             8.0000D-01    YES 
   1   3      -44.476347240      -38.304196024   5.5393D-02 4.4334D-02                                             8.0000D-01    YES 
   1   4      -44.632961182      -38.460809966   7.5132D-02 6.2592D-02                                             8.0000D-01    YES 
   1   5      -44.458453248      -38.286302032   6.7903D-02 5.6850D-02                                3-POINT      5.3333D-01    YES 
   1   6      -44.544603611      -38.372452395              1.3111D-02                                             8.0000D-01    YES 
   1   7      -44.600642119      -38.428490904   2.2069D-02 1.8080D-02                                             8.0000D-01    YES 
   1   8      -44.518342463      -38.346191247   2.9999D-02 2.3870D-02                                             8.0000D-01    YES 
   1   9      -44.619731379      -38.447580163   4.0532D-02 3.2956D-02                                3-POINT      8.0000D-01    YES 
   1  10      -44.570437190      -38.398285974              5.1332D-04                                             8.0000D-01    YES 
   1  11      -44.571500027      -38.399348811   2.3371D-04 2.1832D-04                                             8.0000D-01    YES 
   1  12      -44.570396510      -38.398245294   3.9760D-04 3.6793D-04                                             8.0000D-01    YES 
   1  13      -44.571679084      -38.399527868   3.7152D-04 3.0418D-04                                             8.0000D-01    YES 
   1  14      -44.570048961      -38.397897746   5.2873D-04 4.2229D-04                                             8.0000D-01    YES 
   1  15      -44.572109515      -38.399958299   6.5215D-04 5.0862D-04                                             8.0000D-01    YES 
   1  16      -44.569431711      -38.397280495   8.9468D-04 6.9694D-04                                3-POINT      8.0000D-01    YES 
   1  17      -44.570911390      -38.398760174              4.1366D-05                                             8.0000D-01    YES 
   1  18      -44.570987314      -38.398836099   2.3056D-05 2.6826D-05                                             8.0000D-01    YES 
   1  19      -44.570905828      -38.398754613   2.8956D-05 3.0891D-05                                             8.0000D-01    YES 
   1  20      -44.570992895      -38.398841679   2.3607D-05 2.4333D-05                                             8.0000D-01    YES 
   1  21      -44.570895543      -38.398744327   2.8738D-05 2.6708D-05                                             8.0000D-01    YES 
   1  22      -44.571007711      -38.398856495   3.0684D-05 2.6218D-05                                             8.0000D-01    YES 
   1  23      -44.570873580      -38.398722364   3.9679D-05 3.1953D-05                                             8.0000D-01    YES 
   1  24      -44.571038944      -38.398887728   5.0270D-05 3.9377D-05                                             8.0000D-01    YES 
   1  25      -44.570829602      -38.398678386   6.7463D-05 5.2556D-05                                3-POINT      8.0000D-01    YES 
   1  26      -44.570946759      -38.398795543              3.0096D-06                                             8.0000D-01    YES 
   1  27      -44.570946913      -38.398795697   2.0764D-06 2.5223D-06                                             8.0000D-01    YES 
   1  28      -44.570947113      -38.398795898   1.9376D-06 2.3511D-06                                             8.0000D-01    YES 
   1  29      -44.570947378      -38.398796162   1.6981D-06 2.0583D-06                                4-POINT      8.0000D-01    YES 
   1  30      -44.570947164      -38.398795948              4.5581D-07                                             8.0000D-01    YES 
   1  31      -44.570947135      -38.398795919                                       .0000D+00                     8.0000D-01    YES 
0AT TERMINATION TOTAL ENERGY IS      -38.398796  HARTREES          ORBITAL CONVERGENCE IS 1.93042D-07

0S = 1.500 ( 1.500 EXPECTED),   S(S+1) =  3.7500 (  3.7500 EXPECTED)
1MOLECULAR ORBITALS         5 ALPHA SPIN ELECTRONS,   2 BETA SPIN ELECTRONS

                           1          2          3          4          5          6          7          8          9         10
 
    EIGENVALUES---   -11.66088   -1.24650    -.53971    -.45726    -.41187    -.00045     .05698     .14106     .15793     .18652
 
   1  1   C   1S       -.60098    -.11654     .00000    -.07595     .00000     .06969     .00000     .00000    -.01732     .00000
   2  1   C   2S       -.43790    -.15923     .00000    -.10665     .00000     .10125     .00000     .00000    -.03242     .00000
   3  1   C   3S       -.00358     .47078     .00000     .36275     .00000    -.32643     .00000     .00000     .28777     .00000
   4  1   C   4S        .00076     .31850     .00000     .34760     .00000   -1.99968     .00000     .00000    -.62934     .00000
   5  1   C   1PX       .00000     .00000    -.59492     .00000     .00000     .00000    -.27409     .90478     .00000     .00000
   6  1   C   1PY       .00000     .00000     .00000     .00000     .85873     .00000     .00000     .00000     .00000    -.81953
   7  1   C   1PZ      -.00186     .24826     .00000    -.70451     .00000    -.31688     .00000     .00000     .76946     .00000
   8  1   C   2PX       .00000     .00000    -.02356     .00000     .00000     .00000   -2.00975    -.71948     .00000     .00000
   9  1   C   2PY       .00000     .00000     .00000     .00000     .22772     .00000     .00000     .00000     .00000    1.16498
  10  1   C   2PZ       .00006     .04915     .00000    -.13136     .00000   -1.01219     .00000     .00000   -1.29999     .00000
 
  11  2   H   1S       -.00033     .20538    -.27451    -.10111     .00000     .07778     .12423     .05533     .09597     .00000
  12  2   H   2S       -.00020     .03231    -.14738    -.10413     .00000    1.61960    1.69739    -.42762     .21478     .00000
 
  13  3   H   1S       -.00033     .20538     .27451    -.10111     .00000     .07778    -.12423    -.05533     .09597     .00000
  14  3   H   2S       -.00020     .03231     .14738    -.10413     .00000    1.61960   -1.69739     .42762     .21478     .00000
 

                          11         12         13         14
 
    EIGENVALUES---      .44099     .90969    1.00805   23.41321
 
   1  1   C   1S       -.10198    -.09487     .00000    1.76218
   2  1   C   2S       -.18172    -.15311     .00000   -1.92045
   3  1   C   3S       1.55736    1.04929     .00000     .39031
   4  1   C   4S      -2.74851   -2.35204     .00000    -.39533
   5  1   C   1PX       .00000     .00000     .59876     .00000
   6  1   C   1PY       .00000     .00000     .00000     .00000
   7  1   C   1PZ      -.35113     .34131     .00000     .00722
   8  1   C   2PX       .00000     .00000   -1.24815     .00000
   9  1   C   2PY       .00000     .00000     .00000     .00000
  10  1   C   2PZ      -.32722    -.72063     .00000    -.07673
 
  11  2   H   1S        .34798    -.93899   -1.06425    -.04917
  12  2   H   2S        .70289    1.63496    1.77031     .14699
 
  13  3   H   1S        .34798    -.93899    1.06425    -.04917
  14  3   H   2S        .70289    1.63496   -1.77031     .14699
 
 
 THE FIRST   2 MO ARE DOUBLY OCCUPIED FROZEN CORE ORBITALS
0OPEN SHELL ORBITAL OCCUPANCIES:    MO     OCCA     OCCB
                                     3    1.0000    .0000
                                     4    1.0000    .0000
                                     5    1.0000    .0000
1MULLIKEN POPULATION MATRIX CONDENSED TO ATOMS (ALPHA SPIN)     (DOUBLE THE OFF-DIAGONAL ELEMENTS FOR 'BOND ORDERS')

                           1          2          3
 
         1   C         3.96283     .14408     .14408
 
         2   H          .14408     .24009    -.00967
 
         3   H          .14408    -.00967     .24009
 
1MULLIKEN POPULATION MATRIX CONDENSED TO ATOMS (BETA SPIN)      (DOUBLE THE OFF-DIAGONAL ELEMENTS FOR 'BOND ORDERS')

                           1          2          3
 
         1   C         1.57335     .07919     .07919
 
         2   H          .07919     .05229     .00265
 
         3   H          .07919     .00265     .05229
 
1MULLIKEN POPULATION MATRIX CONDENSED TO ATOMS (TOTAL)          (DOUBLE THE OFF-DIAGONAL ELEMENTS FOR 'BOND ORDERS')

                           1          2          3
 
         1   C         5.53618     .22327     .22327
 
         2   H          .22327     .29238    -.00701
 
         3   H          .22327    -.00701     .29238
 
0ATOMIC CHARGES (ALPHA(1), BETA(2)), ATOMIC SPIN DENSITIES(3), ATOMIC CHARGES (TOTAL(4), NET(5))

                           1          2          3          4          5
 
         1   C         4.25099    1.73173    2.51926    5.98272     .01728
 
         2   H          .37450     .13413     .24037     .50864     .49136
 
         3   H          .37450     .13413     .24037     .50864     .49136
 
1BOND ORDER AND VALENCE INDICES (I. MAYER, I.J.Q.C., 29, 477-483 (1986))


          BOND ORDER MATRIX

                           1          2          3
 
         1   C          .00000     .63771     .63771
 
         2   H          .63771     .00000     .03704
 
         3   H          .63771     .03704     .00000
 
0                      VALENCE  FREE VALENCE

                           1          2
 
         1   C         3.51624    2.24082
 
         2   H          .73445     .05970
 
         3   H          .73445     .05970
 
1*********************************
 *INTEGRAL TRANSFORMATION PACKAGE*
 *********************************

0GROUP SPECIFICATION:

   1  1  4  1  3  5  8  8  5  7  5  5  8  0

0TRANSFORM 13 MO
1****************************
 *CI CONFIGURATION GENERATOR*
 ****************************


 OPEN SHELL QUARTET


 SYMMETRY     NUMBER OF MO OF THAT SYMMETRY
  OF MO       TOTAL     OCCUPIED     FROZEN VIRTUAL
 --------------------------------------------------
   A1           7           3              0
   A2           0           0              0
   B1           2           1              0
   B2           4           1              0


 OCCUPANCY VECTOR:
   0  2  1  1  1
0NUMBER OF ACTIVE OCCUPIED MO                        4
 POSITION OF FIRST SINGLY OCCUPIED OR VIRTUAL MO     2
 TOTAL NUMBER OF ACTIVE MO                          12
 TOTAL NUMBER OF DOUBLY OCCUPIED ACTIVE MO           1
 NUMBER OF SYMMETRY TYPES                            4
0TOTAL NUMBER OF CONFIGURATIONS                    136

0NUMBER OF 3360 WORD BLOCKS WRITTEN TO THE FORMULA TAPE:        16
1********************
 *CI DIAGONALIZATION*
 ********************



 ITERATION     CORRELATION ENERGY

      2             -.0424885
      3             -.0450308
      4             -.0452369
      5             -.0452520
      6             -.0452531
      7             -.0452532

0TOTAL SCF ENERGY                          -38.3987959
 CORRELATION ENERGY                          -.0452532
0TOTAL CI ENERGY                           -38.4440491
0TOTAL CI ENERGY + (1-C0*C0)*ECORR         -38.4453283
0WHERE (1-C0*C0)*ECORR IS AN APPROXIMATE CORRECTION TO THE CI ENERGY FOR QUADRUPLE EXCITATIONS
0C0 IS THE COEFFICIENT OF THE ROOT CONFIGURATION
 C0 =     .9857646
0RYSSET ROOT STATISTICS:     INTERPOLATED:      447     CALCULATED:        0     ASSYMPTOTIC APPROXIMATION:      393
0DTWOL: FMTGEN WAS CALLED     1620 TIMES.
1ENERGY TERMS:
0KINETIC:     38.778384264
 V (NE) :    -99.287820331
 V (EE) :       .000000000
 NUCLEAR:      6.172151216
          ----------------
 TOTAL  :    -54.337284852

0ATOMIC POSITION DERIVATIVE COMPONENTS (MDYNE)
0CENTER               VNE(OPR)         VNE(WFN)          T(WFN)          VEE(WFN)          COEF            NUCLEAR           TOTAL
0 1   C     X         .0000000         .0000000         .0000000         .0000000         .0000000         .0000000         .0000000
            Y         .0000000         .0000000         .0000000         .0000000         .0000000         .0000000         .0000000
            Z       -9.8840304      -15.9498829        2.5390587        9.4775513        2.1249315       12.7663218        1.0739501
0 2   H     X        9.7787321       15.1725428       -2.3817934       -9.9551279       -2.2626981      -10.7094858        -.3578303
            Y         .0000000         .0000000         .0000000         .0000000         .0000000         .0000000         .0000000
            Z        5.5389229        7.3780337       -1.2695293       -4.7387757       -1.0624658       -6.3831609        -.5369750
0 3   H     X       -9.7787321      -15.1725428        2.3817934        9.9551279        2.2626981       10.7094858         .3578303
            Y         .0000000         .0000000         .0000000         .0000000         .0000000         .0000000         .0000000
            Z        5.5389229        7.3780337       -1.2695293       -4.7387757       -1.0624658       -6.3831609        -.5369750
1CARTESIAN COORDINATE DERIVATIVES IN MDYNE

0  I   AN            X                Y                Z

   1    6          .000000          .000000         1.073950
   2    1         -.357830          .000000         -.536975
   3    1          .357830          .000000         -.536975

0NORMAL TERMINATION, TOTAL CPU TIME FOR THIS CALCULATION WAS      .103 MINUTES.
5.7u 0.7s 0:09 70%
