 WELCOME TO U OF T MONSTERGAUSS                                                                         UNX VERSION: 13 AUG 1991
 ******************************
0CONTROL CARDS:

 *MOL BA=E4,DM,OEP                                                       
 *PRT MOINTS=Y                                                           
 *IOP                                                                    
    5  13   2 DIPOLE DECOMPOSITION IN L601                               
    7  20   1 GENERAL DECOMPOSITION IN L907                              
    7  67   1 USE L907                                                   
    0   0   0                                                            

0SEQUENCE    GROUP     MG OPTIONS         GROUP OPTIONS (USER CONTROLLABLE)                  LINKS TO BE CALLED          JUMP

     1         2      000002000100 000000000000000000000000000000000000000000000000   01000000000000000000000000000000     0
     2         3      000002000100 404000010000000000000000000000000000000000000000   11100100000000000000000000000000     0
     3         4      000002000100 100000000000000010000000000000000000000000000000   01000000000000000000000000000000     0
     4         5      000002000100 400000000000000000000000000000000000000000000000   10000000000000000000000000000000     0
     5         6      000002000100 200000000000000000001000000000000000000000000000   10000000000000000000000000000000     0
     6         8      000002000100 000001010100000000000000000000000000000000000000   01000000000000000000000000000000     0
     7         9      000002000100 000000010000000000000000000000000000000000000000   00000010000000000000000000000000     0
0OPTION NUMBERS:      000000000111 111111122222222223333333333444444444455555555556   66666666677777777778888888888999
                      123456789012 345678901234567890123456789012345678901234567890   12345678901234567890123456789012

0CONVERSION FACTORS:  1 BOHR =  .52917706 ANGSTROMS
0                     1 HARTREE/BOHR = 8.2388584 MDYNE

                      1 HARTREE/ANGSTROM**2 = 4.3598149 MDYNE/ANGSTROM

                      1 ELECTRON*BOHR = 2.5417655 DEBYE

                      1 HARTREE/PARTICLE = 627.50959 KCAL/MOL = 2625.5001 KJ/MOL = 27.211611 EV/PARTICLE = 219474.67 CM(-1)/PARTICLE

                      1 ATOMIC UNIT OF ELECTRIC FIELD = 5.1422506D+09 VOLTS/CM
1     NH3    EXPERIMENTAL GEOMETRY                                       
 ------------------------------------------------------------------------
0CHARGE  =   0          MULTIPLICITY  =  1

0FREE FORMAT Z MATRIX:

    7                                                                    
   1   1 1.012                                                           
   1   1 1.012    2    106.7                                             
   1   1 1.012    2    106.7     3      106.7   1                        
                                                                         
0NO VARIABLES USED - SWITCHING TO STANDARD Z MATRIX FORMAT FOR OUTPUT
1
0---------------------------------------------------------------------------------------------------
                                             Z MATRIX
0  I   AN   Z1      BL                  Z2     ALPHA                Z3      BETA                Z4
 ---------------------------------------------------------------------------------------------------
   1    7
   2    1    1   1.0120000   (  1)   
   3    1    1   1.0120000   (  2)       2   106.70000   (  4)   
   4    1    1   1.0120000   (  3)       2   106.70000   (  5)       3   106.70000   (  6)       1
 ---------------------------------------------------------------------------------------------------


 ------------------------------------------------------------------------------------------------------------------------------------
                    COORDINATES IN ANGSTROMS                               COORDINATES IN BOHR                    ATOMIC ISOTOPE/MASS
   I   AN        X             Y             Z                        X             Y             Z               MASS#    MASS (AMU)
 ------------------------------------------------------------------------------------------------------------------------------------
   1    7     .0000000      .0000000      .0000000                 .0000000      .0000000      .0000000             14    14.00307401
   2    1     .0000000      .0000000     1.0120000                 .0000000      .0000000     1.9124034              1     1.00782504
   3    1     .9693164      .0000000     -.2908088                1.8317430      .0000000     -.5495492              1     1.00782504
   4    1    -.3908614      .8870184     -.2908088                -.7386212     1.6762223     -.5495492              1     1.00782504
 ------------------------------------------------------------------------------------------------------------------------------------

0PROJECTING FROM STO-3G BASIS (5D/7F)

0BASIS SET TYPE: STANDARD 4-31G       ( 6D/10F)
 POLARIZATION  : NONE                                                                                 
 DIFFUSE FUNCS : NONE                                                                                 
 CONTAINS   9 SHELLS AND  15 BASIS FUNCTIONS
0RYSSET ROOT STATISTICS:     INTERPOLATED:      414     CALCULATED:        0     ASSYMPTOTIC APPROXIMATION:      498
0STANDARD CUTOFFS SELECTED IN SHELL.
0SHELL: FMTGEN WAS CALLED     2163 TIMES


       5072 TWO ELECTRON INTEGRALS WRITTEN OUT ON UNIT  9 WITH INTEGRAL CUTOFF  1.00000D-10

0PH INITIAL GUESS ... SCALE FACTOR (K/2) =  .8750
 SMALLEST EIGENVALUE OF OVERLAP IS  2.67475D-01
 SMALLEST EIGENVALUE OF OVERLAP IS  4.54855D-02
 COEFFICIENTS PROJECTED TO CURRENT BASIS
1CLOSED SHELL SCF               NUCLEAR REPULSION ENERGY IS     11.958581715  HARTREES
0CONVERGENCE ON DENSITY MATRIX REQUIRED TO EXIT IS  1.0000D-09
0 CYCLE   ELECTRONIC ENERGY      TOTAL ENERGY    CONVERGENCE   EXTRAPOLATION

    1        -67.947913746       -55.989332031
    2        -68.047509900       -56.088928185   1.08851D-02              
    3        -68.058620693       -56.100038978   5.93747D-03              
    4        -68.060541432       -56.101959717   2.64982D-03              
    5        -68.060932325       -56.102350610   1.59183D-03              
    6        -68.061020605       -56.102438890   7.21622D-04              
    7        -68.061041658       -56.102459943   4.26927D-04      4-POINT 
    8        -68.061062622       -56.102480906
    9        -68.061048592       -56.102466877   1.04260D-05              
   10        -68.061048602       -56.102466886   5.03222D-06              
   11        -68.061048603       -56.102466888   2.30649D-06              
   12        -68.061048604       -56.102466888   1.25544D-06              
   13        -68.061048604       -56.102466888   5.99386D-07              
   14        -68.061048604       -56.102466888   3.30015D-07              
   15        -68.061048604       -56.102466888   1.56930D-07      4-POINT 
   16        -68.061048604       -56.102466888
   17        -68.061048604       -56.102466888   4.51193D-09              
   18        -68.061048604       -56.102466888   2.19669D-09              
   19        -68.061048604       -56.102466888   8.80235D-10              
0AT TERMINATION TOTAL ENERGY IS       -56.102467  HARTREES
1MOLECULAR ORBITALS                      5 OCCUPIED MO

                           1          2          3          4          5          6          7          8          9         10
 
    EIGENVALUES---   -15.50837   -1.14532    -.62277    -.62277    -.41380     .22063     .32290     .32290     .97440     .97440
 
   1  1   N   1S       -.99265    -.19779     .00000     .00000     .06513    -.11743     .00000     .00000     .00000     .00000
   2  1   N   2S'      -.05328     .36501     .00000     .00000    -.14032     .08548     .00000     .00000     .00000     .00000
   3  1   N   2PX'     -.00144     .05088    -.05481    -.38611     .26924     .07699    -.07900    -.27127     .18082    -.18330
   4  1   N   2PY'     -.00221     .07801    -.16648     .23155     .41286     .11806     .17900     .10321    -.18822     .00524
   5  1   N   2PZ'     -.00107     .03785     .41679     .04172     .20032     .05728    -.26273     .15189     .14489     .23556
   6  1   N   2S"       .03084     .49881     .00000     .00000    -.25914    1.71830     .00000     .00000     .00000     .00000
   7  1   N   2PX"      .00234     .03345    -.03319    -.23382     .26297     .21991    -.25535    -.87678    -.71942     .72930
   8  1   N   2PY"      .00359     .05129    -.10082     .14023     .40324     .33721     .57855     .33358     .74887    -.02086
   9  1   N   2PZ"      .00174     .02488     .25241     .02527     .19565     .16362    -.84918     .49092    -.57648    -.93723
 
  10  2   H   1S'       .00004     .13806     .29732     .02976     .05568    -.03469     .03816    -.02206     .50101     .81453
  11  2   H   1S"      -.00611     .00402     .18156     .01817     .03720    -.88532    1.46753    -.84840    -.09254    -.15046
 
  12  3   H   1S'       .00004     .13806    -.12288    -.27236     .05568    -.03469     .00003     .04407     .45490    -.84115
  13  3   H   1S"      -.00611     .00402    -.07504    -.16633     .03720    -.88532     .00097    1.69512    -.08403     .15537
 
  14  4   H   1S'       .00004     .13806    -.17443     .24260     .05568    -.03469    -.03818    -.02202    -.95591     .02662
  15  4   H   1S"      -.00611     .00402    -.10652     .14815     .03720    -.88532   -1.46850    -.84672     .17657    -.00492
 

                          11         12         13         14         15
 
    EIGENVALUES---     1.05983    1.24665    1.27843    1.27843    1.66285
 
   1  1   N   1S        .03154     .09324     .00000     .00000    -.02151
   2  1   N   2S'      -.11103    -.55881     .00000     .00000   -1.85919
   3  1   N   2PX'      .50920    -.12407    -.88566    -.20640    -.04549
   4  1   N   2PY'      .78082    -.19025     .57197    -.33930    -.06976
   5  1   N   2PZ'      .37885    -.09231     .01153     .97671    -.03385
   6  1   N   2S"      -.28491     .27812     .00000     .00000    3.45514
   7  1   N   2PX"     -.57670    -.08175    1.07360     .25020     .35083
   8  1   N   2PY"     -.88433    -.12536    -.69335     .41130     .53798
   9  1   N   2PZ"     -.42908    -.06083    -.01398   -1.18397     .26103
 
  10  2   H   1S'       .08758     .78581    -.00651    -.55155    -.41542
  11  2   H   1S"       .14566    -.41596     .01482    1.25483    -.62118
 
  12  3   H   1S'       .08758     .78581     .48091     .27013    -.41542
  13  3   H   1S"       .14566    -.41596   -1.09412    -.61458    -.62118
 
  14  4   H   1S'       .08758     .78581    -.47440     .28141    -.41542
  15  4   H   1S"       .14566    -.41596    1.07930    -.64025    -.62118
 
1MULLIKEN POPULATION MATRIX CONDENSED TO ATOMS                  (DOUBLE THE OFF-DIAGONAL ELEMENTS FOR 'BOND ORDERS')

                           1          2          3          4
 
         1   N         6.90989     .32823     .32823     .32823
 
         2   H          .32823     .44284    -.03463    -.03463
 
         3   H          .32823    -.03463     .44284    -.03463
 
         4   H          .32823    -.03463    -.03463     .44284
 
0TOTAL ATOMIC CHARGES AND NET ATOMIC CHARGES

                           1          2
 
         1   N         7.89458    -.89458
 
         2   H          .70181     .29819
 
         3   H          .70181     .29819
 
         4   H          .70181     .29819
 
1BOND ORDER AND VALENCE INDICES (I. MAYER, I.J.Q.C., 29, 477-483 (1986))


          BOND ORDER MATRIX

                           1          2          3          4
 
         1   N          .00000     .87337     .87337     .87337
 
         2   H          .87337     .00000    -.00282    -.00282
 
         3   H          .87337    -.00282     .00000    -.00282
 
         4   H          .87337    -.00282    -.00282     .00000
 
0                      VALENCE

                           1
 
         1   N         2.62012
 
         2   H          .86773
 
         3   H          .86773
 
         4   H          .86773
 

0DIPOLE MOMENT (DEBYE):
 **********************

     X:  1.163282D+00          Y:  1.783808D+00          Z:  8.655059D-01          TOTAL:  2.298760D+00


0POINT CHARGE CONTRIBUTION (DEBYE):
     X:  1.949938D+00          Y:  2.990087D+00          Z:  1.450793D+00          TOTAL:  3.853268D+00


         ATOMIC DECOMPOSITION OF DIPOLE (ATOMIC UNITS)
0ATOM   MONOPOLE            DIPOLE               TOTAL
                      X        Y        Z
   1     -.89458   .08182   .12547   .06088     .16169
   2      .29819   .02390   .03665   .54986     .55160
   3      .29819   .53354   .03665  -.13511     .55160
   4      .29819  -.18160   .50302  -.13511     .55160
1***********************************
 * ONE ELECTRON PROPERTIES PACKAGE *
 ***********************************

1DIPOLE MOMENT            IN ATOMIC UNITS AT THE POINT      (    .000000,    .000000,    .000000) ANGSTROMS FROM THE CMO    

0                  X           Y           Z           R                                                                          
 NUCLEAR        1.093122    1.676222     .813305     .000000 
 ELECTRONIC     -.635455    -.974423    -.472791     .000000 
 TOTAL           .457667     .701799     .340514     .904395 

0INTEGRALS OVER THE MOLECULAR ORBITALS
0                  X           Y           Z           R                                                                          
      1         -.000234    -.000359    -.000174     .000000 
      2         -.192503    -.295189    -.143226     .000000 
      3         -.016228    -.159566    -.450625     .000000 
      4         -.289119    -.308662     .223440     .000000 
      5          .180356     .276563     .134189     .000000 

0THE AO INTEGRALS FOR THIS PROPERTY HAVE BEEN WRITTEN TO UNIT   7
0
 ************************************************************************************************************************************

1SECOND MOMENT            IN ATOMIC UNITS AT THE POINT      (    .000000,    .000000,    .000000) ANGSTROMS FROM THE CMO    

0                  XX          YY          ZZ          XY          XZ          YZ         RSQ                                     
 NUCLEAR        3.900844    2.809721    4.261295   -1.238093    -.600724    -.921167   10.971860 
 ELECTRONIC    -8.879289   -8.375965   -9.045561     .571119     .277108     .424925  -26.300815 
 TOTAL         -4.978445   -5.566244   -4.784266    -.666974    -.323616    -.496242  -15.328955 

0INTEGRALS OVER THE MOLECULAR ORBITALS
0                  XX          YY          ZZ          XY          XZ          YZ         RSQ                                     
      1         -.023560    -.023552    -.023563     .000009     .000004     .000006    -.070675 
      2         -.886777    -.832862    -.904587     .061177     .029683     .045517   -2.624226 
      3         -.709593    -.866500   -2.166078     .057041     .108796     .380640   -3.742171 
      4        -1.911611   -1.188335    -.642225     .585616     .203022     .097510   -3.742171 
      5         -.908104   -1.276733    -.786327    -.418283    -.202951    -.311211   -2.971165 

0SECOND MOMENT              IN PRINCIPAL AXIS COORDINATE FRAME
0                  XX          YY          ZZ          XY          XZ          YZ                                                 
 NUCLEAR        4.708247    1.555367    4.708247     .000000     .000000     .000000 
 ELECTRONIC    -9.251735   -7.797345   -9.251735     .000000     .000000     .000000 
 TOTAL         -4.543489   -6.241978   -4.543489     .000000     .000000     .000000 

0INTEGRALS OVER THE MOLECULAR ORBITALS
0                  XX          YY          ZZ          XY          XZ          YZ                                                 
      1         -.023566    -.023544    -.023566     .000000     .000000     .000000 
      2         -.926672    -.770881    -.926672     .000000     .000000     .000000 
      3         -.959973    -.701869   -2.080329    -.010036    -.461732    -.220977 
      4        -2.080329    -.701869    -.959973     .010036     .461732     .220977 
      5         -.635328   -1.700510    -.635328     .000000     .000000     .000000 

0ROTATION MATRIX
0   EIGENVALUE                     EIGENVECTORS

    -4.543489          .762761       -.606413        .224631   
    -6.241978          .506048        .775987        .376510   
    -4.543489         -.402631       -.173513        .898767   

0THE AO INTEGRALS FOR THIS PROPERTY HAVE BEEN WRITTEN TO UNIT   7
0
 ************************************************************************************************************************************

1THIRD MOMENT             IN ATOMIC UNITS AT THE POINT      (    .000000,    .000000,    .000000) ANGSTROMS FROM THE CMO    

0                 XXX         YYY         ZZZ         XXY         XXZ         XYY         YYZ         XZZ         YZZ         XYZ 
 NUCLEAR        5.743052    4.709717    6.662275     .914482   -2.143706   -2.075320   -1.544080     .330128     .506226     .680393
 ELECTRONIC    -5.041677   -4.751886   -5.503864   -1.107347    1.367045    1.220671     .908204    -.518411    -.794945    -.520645
 TOTAL           .701375    -.042169    1.158411    -.192865    -.776661    -.854649    -.635876    -.188284    -.288719     .159748

0INTEGRALS OVER THE MOLECULAR ORBITALS
0                 XXX         YYY         ZZZ         XXY         XXZ         XYY         YYZ         XZZ         YZZ         XYZ 
      1         -.000202    -.000246    -.000185    -.000072     .000003    -.000006    -.000004    -.000044    -.000067    -.000008
      2         -.627890    -.749210    -.588325    -.215562     .025213    -.001270    -.000945    -.128961    -.197752    -.029681
      3         -.250867    -.705724   -2.721102    -.179712    -.064265     .157508    -.022798    -.007771    -.108932    -.080635
      4        -1.886714   -1.365143     .400105    -.317485     .625138     .305351     .367174    -.220342    -.240863    -.165023
      5          .244834     .444381     .157576     .159157     .097435     .148754     .110676     .097913     .150142     .015025

0                  RX          RY          RZ                                                                                     
 NUCLEAR        3.997860    6.130425    2.974489 
 ELECTRONIC    -4.339417   -6.654179   -3.228615 
 TOTAL          -.341557    -.523753    -.254126 

0INTEGRALS OVER THE MOLECULAR ORBITALS
0                  RX          RY          RZ                                                                                     
      1         -.000251    -.000386    -.000187 
      2         -.758122   -1.162524    -.564058 
      3         -.101131    -.994368   -2.808165 
      4        -1.801705   -1.923492    1.392416 
      5          .491500     .753680     .365686 

0THE AO INTEGRALS FOR THIS PROPERTY HAVE BEEN WRITTEN TO UNIT   7
0
 ************************************************************************************************************************************

1OEP ATOMIC DECOMPOSITION      : PROPERTIES ARE READ FROM UNIT   7

0OEP ATOMIC DECOMPOSITION   : PROPERTY  1
 AO INTEGRALS OF THE DIPOLE MOMENT             EVALUATED AT      (    .00000,    .00000,    .00000)



0ATOMIC DIPOLES (IN ATOMIC UNITS)
0 ATOM      X         Y         Z

    1    .081823   .125469   .060878
    2    .023903   .036654  -.020403
    3   -.012674   .036654   .028758
    4    .038652   .003182   .028758
0TOTAL   .131704   .201958   .097990
1OEP ATOMIC DECOMPOSITION   : PROPERTY  2
 AO INTEGRALS OF THE SECOND MOMENT             EVALUATED AT      (    .00000,    .00000,    .00000)



0ATOMIC QUADRUPOLES (IN ATOMIC UNITS)
0 ATOM      XX        YY        ZZ        XY        XZ        YZ

    1  -5.337658 -5.538889 -5.271181  -.228336  -.110789  -.169887
    2   -.334166  -.345667  -.059787  -.013051  -.036585  -.056101
    3   -.102584  -.345667  -.291369  -.057485  -.106063   .003621
    4   -.263719  -.184532  -.291369  -.128489   .046082  -.095598
0TOTAL -6.038126 -6.414755 -5.913706  -.427361  -.207356  -.317965
1OEP ATOMIC DECOMPOSITION   : PROPERTY  3
 AO INTEGRALS OF THE THIRD MOMENT              EVALUATED AT      (    .00000,    .00000,    .00000)



0ATOMIC OCTUPOLES (IN ATOMIC UNITS)
0 ATOM      XXX       YYY       ZZZ       XXY       XXZ       XYY       YYZ       XZZ       YZZ       XYZ

    1   -.531530  -.197032  -.755687   .033197   .406096   .424688   .315977   .061662   .094555  -.102258
    2    .103835   .129916 -1.050417   .038617  -.165031   .006071  -.145814   .081160   .124452   .021805
    3   -.895538   .129916   .265948   .129368   .260516  -.137920   .047716  -.215485   .033701  -.005421
    4    .355731  -.608251   .265948  -.232911   .086318   .298264   .221914   .117731  -.183600  -.082181
0TOTAL  -.967502  -.545451 -1.274209  -.031730   .587898   .591103   .439793   .045068   .069108  -.168055

0NORMAL TERMINATION, TOTAL CPU TIME FOR THIS CALCULATION WAS      .022 MINUTES.
1.3u 0.1s 0:02 70%
